Archive member included because of file (symbol)

C:/Freescale/CW MCU v10.6.4/MCU/ARM_GCC_Support/ewl/lib/armv6-m\libc.a(exit.o)
                              ./Project_Settings/Startup_Code/__arm_start.o (exit)
C:/Freescale/CW MCU v10.6.4/MCU/ARM_GCC_Support/ewl/lib/armv6-m\libc.a(memset.o)
                              ./Project_Settings/Startup_Code/__arm_start.o (memset)
C:/Freescale/CW MCU v10.6.4/MCU/ARM_GCC_Support/ewl/lib/armv6-m\libc.a(__filll_mem.o)
                              C:/Freescale/CW MCU v10.6.4/MCU/ARM_GCC_Support/ewl/lib/armv6-m\libc.a(memset.o) (__fill_mem)
C:/Freescale/CW MCU v10.6.4/MCU/ARM_GCC_Support/ewl/lib/armv6-m\libc.a(memcpy.o)
                              ./Sources/app/LIN_slave_network.o (memcpy)
C:/Freescale/CW MCU v10.6.4/MCU/ARM_GCC_Support/ewl/lib/armv6-m\libc.a(printformat_.o)
                              (__pformatter_)
C:/Freescale/CW MCU v10.6.4/MCU/ARM_GCC_Support/ewl/lib/armv6-m\libc.a(scanformat_.o)
                              (__sformatter)
C:/Freescale/CW MCU v10.6.4/MCU/ARM_GCC_Support/ewl/lib/armv6-m\libc.a(ctype_aeabi.o)
                              C:/Freescale/CW MCU v10.6.4/MCU/ARM_GCC_Support/ewl/lib/armv6-m\libc.a(scanformat_.o) (isspace)
C:/Freescale/CW MCU v10.6.4/MCU/ARM_GCC_Support/ewl/lib/armv6-m\libc.a(__strtoul.o)
                              C:/Freescale/CW MCU v10.6.4/MCU/ARM_GCC_Support/ewl/lib/armv6-m\libc.a(scanformat_.o) (__strtoul)
C:/Freescale/CW MCU v10.6.4/MCU/ARM_GCC_Support/ewl/lib/armv6-m\libc.a(strchr.o)
                              C:/Freescale/CW MCU v10.6.4/MCU/ARM_GCC_Support/ewl/lib/armv6-m\libc.a(printformat_.o) (strchr)
C:/Freescale/CW MCU v10.6.4/MCU/ARM_GCC_Support/ewl/lib/armv6-m\libc.a(strlen.o)
                              C:/Freescale/CW MCU v10.6.4/MCU/ARM_GCC_Support/ewl/lib/armv6-m\libc.a(printformat_.o) (strlen)
C:/Freescale/CW MCU v10.6.4/MCU/ARM_GCC_Support/ewl/lib/armv6-m\libc.a(memchr.o)
                              C:/Freescale/CW MCU v10.6.4/MCU/ARM_GCC_Support/ewl/lib/armv6-m\libc.a(printformat_.o) (memchr)
c:/freescale/cw mcu v10.6.4/cross_tools/arm-none-eabi-gcc-4_7_3/bin/../lib/gcc/arm-none-eabi/4.7.3/armv6-m\libgcc.a(_thumb1_case_sqi.o)
                              C:/Freescale/CW MCU v10.6.4/MCU/ARM_GCC_Support/ewl/lib/armv6-m\libc.a(__strtoul.o) (__gnu_thumb1_case_sqi)
c:/freescale/cw mcu v10.6.4/cross_tools/arm-none-eabi-gcc-4_7_3/bin/../lib/gcc/arm-none-eabi/4.7.3/armv6-m\libgcc.a(_thumb1_case_uqi.o)
                              C:/Freescale/CW MCU v10.6.4/MCU/ARM_GCC_Support/ewl/lib/armv6-m\libc.a(scanformat_.o) (__gnu_thumb1_case_uqi)
c:/freescale/cw mcu v10.6.4/cross_tools/arm-none-eabi-gcc-4_7_3/bin/../lib/gcc/arm-none-eabi/4.7.3/armv6-m\libgcc.a(_udivsi3.o)
                              ./Sources/app/UART_hal.o (__aeabi_uidiv)
c:/freescale/cw mcu v10.6.4/cross_tools/arm-none-eabi-gcc-4_7_3/bin/../lib/gcc/arm-none-eabi/4.7.3/armv6-m\libgcc.a(_divsi3.o)
                              ./Sources/app/UART_hal.o (__aeabi_idiv)
c:/freescale/cw mcu v10.6.4/cross_tools/arm-none-eabi-gcc-4_7_3/bin/../lib/gcc/arm-none-eabi/4.7.3/armv6-m\libgcc.a(_dvmd_tls.o)
                              c:/freescale/cw mcu v10.6.4/cross_tools/arm-none-eabi-gcc-4_7_3/bin/../lib/gcc/arm-none-eabi/4.7.3/armv6-m\libgcc.a(_udivsi3.o) (__aeabi_idiv0)
C:/Freescale/CW MCU v10.6.4/MCU/ARM_GCC_Support/ewl/lib/armv6-m\librt.a(gcc_ctor_dtor.o)
                              ./Project_Settings/Startup_Code/__arm_start.o (__init_cpp)
C:/Freescale/CW MCU v10.6.4/MCU/ARM_GCC_Support/ewl/lib/armv6-m\librt.a(__arm_eabi_init.o)
                              C:/Freescale/CW MCU v10.6.4/MCU/ARM_GCC_Support/ewl/lib/armv6-m\libc.a(exit.o) (__destroy_global_chain)
C:/Freescale/CW MCU v10.6.4/MCU/ARM_GCC_Support/ewl/lib/armv6-m\librt.a(ROMCopy.o)
                              ./Project_Settings/Startup_Code/__arm_start.o (__copy_rom_sections_to_ram)

Allocating common symbols
Common symbol       size              file

raub_LINmsgsDataBuffer
                    0x29              ./Sources/app/LIN_mstr_network.o
rul_currentSystemClockHz
                    0x4               ./Sources/mcl/CrystalClock.o
re_app_slv2_led_status
                    0x1               ./Sources/app/app_commander.o
ruw_ledBlinkCntr    0x2               ./Sources/app/app_commander.o
ru_LINSLV_msgsStatusFLag
                    0x1               ./Sources/app/app_slave_actions.o
re_app_slv4_led_status
                    0x1               ./Sources/app/app_commander.o
rub_schTableChangeRequested
                    0x1               ./Sources/app/LIN_mstr_sched.o
rub_schdTableCurrentSlot
                    0x1               ./Sources/app/LIN_mstr_sched.o
rsb_schdTableTickCntr
                    0x1               ./Sources/app/LIN_mstr_sched.o
ru_LINmsgsStatusFLag
                    0x2               ./Sources/app/app_commander.o
re_app_slv1_led_status
                    0x1               ./Sources/app/app_commander.o
[...]
Memory Configuration

Name             Origin             Length             Attributes
m_interrupts     0x00000000         0x000000c0         xr
m_cfmprotrom     0x00000400         0x00000010         xr
m_text           0x00000800         0x0001f800         xr
m_data           0x1ffff000         0x00004000         xrw
*default*        0x00000000         0xffffffff

Linker script and memory map

LOAD ./Project_Settings/Startup_Code/kinetis_sysinit.o
LOAD ./Project_Settings/Startup_Code/__arm_start.o
LOAD ./Project_Settings/Startup_Code/__arm_end.o
LOAD ./Sources/app/app_slave_actions.o
LOAD ./Sources/app/app_commander.o
LOAD ./Sources/app/UART_hal.o
LOAD ./Sources/app/RGB_LEDs.o
LOAD ./Sources/app/LIN_slave_network.o
LOAD ./Sources/app/LIN_slave_il.o
LOAD ./Sources/app/LIN_slave_hal.o
LOAD ./Sources/app/LIN_slave_core.o
LOAD ./Sources/app/LIN_mstr_sched.o
LOAD ./Sources/app/LIN_mstr_network.o
LOAD ./Sources/app/LIN_mstr_il.o
LOAD ./Sources/app/LIN_mstr_hal.o
LOAD ./Sources/app/LIN_mstr_core.o
LOAD ./Sources/app/LIN_common.o
LOAD ./Sources/gsc_scheduler/gsc_sch_core/gsc_sch_core_tick_isr.o
LOAD ./Sources/gsc_scheduler/gsc_sch_core/gsc_sch_core_cfg.o
LOAD ./Sources/gsc_scheduler/gsc_sch_core/gsc_sch_core.o
LOAD ./Sources/gsc_scheduler/periodic_tasks/periodic_tasks_init.o
LOAD ./Sources/gsc_scheduler/periodic_tasks/periodic_tasks_exec.o
LOAD ./Sources/mcl/interrupts.o
LOAD ./Sources/mcl/CrystalClock.o
LOAD ./Sources/mcl/ARM_SysTick.o
LOAD ./Sources/sa_mtb.o
LOAD ./Sources/main.o
                0x00002b90                __pformatter = __pformatter_
                [0x00002fb8]                __sformatter = __sformatter
START GROUP
LOAD C:/Freescale/CW MCU v10.6.4/MCU/ARM_GCC_Support/ewl/lib/armv6-m\libc.a
LOAD C:/Freescale/CW MCU v10.6.4/MCU/ARM_GCC_Support/ewl/lib/armv6-m\libm.a
LOAD c:/freescale/cw mcu v10.6.4/cross_tools/arm-none-eabi-gcc-4_7_3/bin/../lib/gcc/arm-none-eabi/4.7.3/armv6-m\libgcc.a
LOAD C:/Freescale/CW MCU v10.6.4/MCU/ARM_GCC_Support/ewl/lib/armv6-m\librt.a
LOAD C:/Freescale/CW MCU v10.6.4/MCU/ARM_GCC_Support/ewl/lib/armv6-m\libuart.a
END GROUP
                0x20003000                _estack = 0x20003000
                0x20003000                __SP_INIT = _estack
                0x00000400                __heap_size = 0x400
                0x00000400                __stack_size = 0x400

.interrupts     0x00000000       0xc0
                0x00000000                __vector_table = .
                0x00000000                . = ALIGN (0x4)
 *(.vectortable)
 .vectortable   0x00000000       0xc0 ./Project_Settings/Startup_Code/kinetis_sysinit.o
                0x00000000                InterruptVector
                0x000000c0                . = ALIGN (0x4)

.cfmprotect     0x00000400        0x0
                0x00000400                . = ALIGN (0x4)
 *(.cfmconfig)
                0x00000400                . = ALIGN (0x4)

.text           0x00000800     0x3510
                0x00000800                . = ALIGN (0x4)
 *(.text)
 .text          0x00000800       0x14 c:/freescale/cw mcu v10.6.4/cross_tools/arm-none-eabi-gcc-4_7_3/bin/../lib/gcc/arm-none-eabi/4.7.3/armv6-m\libgcc.a(_thumb1_case_sqi.o)
                0x00000800                __gnu_thumb1_case_sqi
 .text          0x00000814       0x14 c:/freescale/cw mcu v10.6.4/cross_tools/arm-none-eabi-gcc-4_7_3/bin/../lib/gcc/arm-none-eabi/4.7.3/armv6-m\libgcc.a(_thumb1_case_uqi.o)
                0x00000814                __gnu_thumb1_case_uqi
 .text          0x00000828       0x9c c:/freescale/cw mcu v10.6.4/cross_tools/arm-none-eabi-gcc-4_7_3/bin/../lib/gcc/arm-none-eabi/4.7.3/armv6-m\libgcc.a(_udivsi3.o)
                0x00000828                __aeabi_uidiv
                0x00000828                __udivsi3
                0x000008b0                __aeabi_uidivmod
 .text          0x000008c4       0xc0 c:/freescale/cw mcu v10.6.4/cross_tools/arm-none-eabi-gcc-4_7_3/bin/../lib/gcc/arm-none-eabi/4.7.3/armv6-m\libgcc.a(_divsi3.o)
                0x000008c4                __divsi3
                0x000008c4                __aeabi_idiv
                0x00000970                __aeabi_idivmod
 .text          0x00000984        0x4 c:/freescale/cw mcu v10.6.4/cross_tools/arm-none-eabi-gcc-4_7_3/bin/../lib/gcc/arm-none-eabi/4.7.3/armv6-m\libgcc.a(_dvmd_tls.o)
                0x00000984                __aeabi_idiv0
                0x00000984                __aeabi_ldiv0
 *(.text*)
 .text.Default_Handler
                0x00000988        0x4 ./Project_Settings/Startup_Code/kinetis_sysinit.o
                0x00000988                Default_Handler
 .text.__init_hardware
                0x0000098c       0x28 ./Project_Settings/Startup_Code/kinetis_sysinit.o
                0x0000098c                __init_hardware
 .text.__thumb_startup
                0x000009b4       0x38 ./Project_Settings/Startup_Code/__arm_start.o
                0x000009b4                __thumb_startup
 .text._ExitProcess
                0x000009ec        0x4 ./Project_Settings/Startup_Code/__arm_end.o
                0x000009ec                _ExitProcess
 .text.app_slvAct_writeSlvID
                0x000009f0       0x2c ./Sources/app/app_slave_actions.o
                0x000009f0                app_slvAct_writeSlvID
 .text.app_slaveActions_init
                0x00000a1c       0x24 ./Sources/app/app_slave_actions.o
                0x00000a1c                app_slaveActions_init
 .text.app_slaveActions_task
                0x00000a40       0xc4 ./Sources/app/app_slave_actions.o
                0x00000a40                app_slaveActions_task
 .text.app_commander_init
                0x00000b04       0xb4 ./Sources/app/app_commander.o
                0x00000b04                app_commander_init
 .text.app_processButton
                0x00000bb8       0x88 ./Sources/app/app_commander.o
                0x00000bb8                app_processButton
 .text.app_commander_action_task
                0x00000c40      0x394 ./Sources/app/app_commander.o
                0x00000c40                app_commander_action_task
 .text.app_commander_status_task
                0x00000fd4       0xac ./Sources/app/app_commander.o
                0x00000fd4                app_commander_status_task
 .text.app_commander_led_task
                0x00001080      0x118 ./Sources/app/app_commander.o
                0x00001080                app_commander_led_task
 .text.uart0_setBaudRate
                0x00001198      0x114 ./Sources/app/UART_hal.o
                0x00001198                uart0_setBaudRate
 .text.uart0_initHal
                0x000012ac       0xac ./Sources/app/UART_hal.o
                0x000012ac                uart0_initHal
 .text.uart0_sendBreak
                0x00001358       0x28 ./Sources/app/UART_hal.o
                0x00001358                uart0_sendBreak
 .text.uart0_sendByte
                0x00001380       0x1c ./Sources/app/UART_hal.o
                0x00001380                uart0_sendByte
 .text.uart0_getByte
                0x0000139c        0xc ./Sources/app/UART_hal.o
                0x0000139c                uart0_getByte
 .text.uart0_TX_ISR
                0x000013a8        0x8 ./Sources/app/UART_hal.o
                0x000013a8                uart0_TX_ISR
 .text.uart0_RX_ISR
                0x000013b0        0x8 ./Sources/app/UART_hal.o
                0x000013b0                uart0_RX_ISR
 .text.UART0_IRQHandler
                0x000013b8       0x5c ./Sources/app/UART_hal.o
                0x000013b8                UART0_IRQHandler
 .text.uart1_setBaudRate
                0x00001414       0x70 ./Sources/app/UART_hal.o
                0x00001414                uart1_setBaudRate
 .text.uart1_initHal
                0x00001484       0x90 ./Sources/app/UART_hal.o
                0x00001484                uart1_initHal
 .text.UART1_IRQHandler
                0x00001514       0x7c ./Sources/app/UART_hal.o
                0x00001514                UART1_IRQHandler
 .text.red_on   0x00001590       0x10 ./Sources/app/RGB_LEDs.o
                0x00001590                red_on
 .text.red_off  0x000015a0       0x10 ./Sources/app/RGB_LEDs.o
                0x000015a0                red_off
 .text.green_on
                0x000015b0       0x10 ./Sources/app/RGB_LEDs.o
                0x000015b0                green_on
 .text.green_off
                0x000015c0       0x10 ./Sources/app/RGB_LEDs.o
                0x000015c0                green_off
 .text.blue_on  0x000015d0       0x10 ./Sources/app/RGB_LEDs.o
                0x000015d0                blue_on
 .text.blue_off
                0x000015e0       0x10 ./Sources/app/RGB_LEDs.o
                0x000015e0                blue_off
 .text.app_rgb_led_fsm
                0x000015f0      0x100 ./Sources/app/RGB_LEDs.o
                0x000015f0                app_rgb_led_fsm
 .text.init_leds
                0x000016f0       0x9c ./Sources/app/RGB_LEDs.o
                0x000016f0                init_leds
 .text.linslv_RxGetMsgData
                0x0000178c       0x34 ./Sources/app/LIN_slave_network.o
                0x0000178c                linslv_RxGetMsgData
 .text.linslv_TxUpdateMsgData
                0x000017c0       0x30 ./Sources/app/LIN_slave_network.o
                0x000017c0                linslv_TxUpdateMsgData
 .text.linslv_clearDataBuffer
                0x000017f0       0x20 ./Sources/app/LIN_slave_network.o
                0x000017f0                linslv_clearDataBuffer
 .text.linslv_timeout_error_callback
                0x00001810        0x4 ./Sources/app/LIN_slave_il.o
                0x00001810                linslv_timeout_error_callback
 .text.linslv_callback_MASTER_CMD_ALL
                0x00001814        0x4 ./Sources/app/LIN_slave_il.o
                0x00001814                linslv_callback_MASTER_CMD_ALL
 .text.linslv_callback_MASTER_CMD_SLV1
                0x00001818        0x4 ./Sources/app/LIN_slave_il.o
                0x00001818                linslv_callback_MASTER_CMD_SLV1
 .text.linslv_callback_SLAVE1_RSP
                0x0000181c        0x4 ./Sources/app/LIN_slave_il.o
                0x0000181c                linslv_callback_SLAVE1_RSP
 .text.linslv_callback_SLAVE1_ID
                0x00001820        0x4 ./Sources/app/LIN_slave_il.o
                0x00001820                linslv_callback_SLAVE1_ID
 .text.linSlvHal_initSerialHW
                0x00001824        0xc ./Sources/app/LIN_slave_hal.o
                0x00001824                linSlvHal_initSerialHW
 .text.linSlvHal_TxISR
                0x00001830        0xc ./Sources/app/LIN_slave_hal.o
                0x00001830                linSlvHal_TxISR
 .text.linSlvHal_RxISR
                0x0000183c        0xc ./Sources/app/LIN_slave_hal.o
                0x0000183c                linSlvHal_RxISR
 .text.linSlvHal_RxBreakDetectedISR
                0x00001848        0xc ./Sources/app/LIN_slave_hal.o
                0x00001848                linSlvHal_RxBreakDetectedISR
 .text.linslv_init
                0x00001854       0x18 ./Sources/app/LIN_slave_core.o
                0x00001854                linslv_init
 .text.linslv_slaveStateMachine
                0x0000186c       0x58 ./Sources/app/LIN_slave_core.o
                0x0000186c                linslv_slaveStateMachine
 .text.linmstr_schdTableTask
                0x000018c4       0xc4 ./Sources/app/LIN_mstr_sched.o
                0x000018c4                linmstr_schdTableTask
 .text.linmstr_changeSchdTable
                0x00001988       0x24 ./Sources/app/LIN_mstr_sched.o
                0x00001988                linmstr_changeSchdTable
 .text.linmstr_schedInit
                0x000019ac       0x20 ./Sources/app/LIN_mstr_sched.o
                0x000019ac                linmstr_schedInit
 .text.linmstr_RxGetMsgData
                0x000019cc       0x34 ./Sources/app/LIN_mstr_network.o
                0x000019cc                linmstr_RxGetMsgData
 .text.linmstr_TxUpdateMsgData
                0x00001a00       0x30 ./Sources/app/LIN_mstr_network.o
                0x00001a00                linmstr_TxUpdateMsgData
 .text.linmstr_clearDataBuffer
                0x00001a30       0x20 ./Sources/app/LIN_mstr_network.o
                0x00001a30                linmstr_clearDataBuffer
 .text.linmstr_timeout_error_callback
                0x00001a50        0x4 ./Sources/app/LIN_mstr_il.o
                0x00001a50                linmstr_timeout_error_callback
 .text.linmstr_checksum_error_callback
                0x00001a54        0x4 ./Sources/app/LIN_mstr_il.o
                0x00001a54                linmstr_checksum_error_callback
 .text.linmstr_ID_parity_error_callback
                0x00001a58        0x4 ./Sources/app/LIN_mstr_il.o
                0x00001a58                linmstr_ID_parity_error_callback
 .text.linmstr_callback_MASTER_CMD_ALL
                0x00001a5c        0x4 ./Sources/app/LIN_mstr_il.o
                0x00001a5c                linmstr_callback_MASTER_CMD_ALL
 .text.linmstr_callback_MASTER_CMD_SLV1
                0x00001a60        0x4 ./Sources/app/LIN_mstr_il.o
                0x00001a60                linmstr_callback_MASTER_CMD_SLV1
 .text.linmstr_callback_MASTER_CMD_SLV2
                0x00001a64        0x4 ./Sources/app/LIN_mstr_il.o
                0x00001a64                linmstr_callback_MASTER_CMD_SLV2
 .text.linmstr_callback_MASTER_CMD_SLV3
                0x00001a68        0x4 ./Sources/app/LIN_mstr_il.o
                0x00001a68                linmstr_callback_MASTER_CMD_SLV3
 .text.linmstr_callback_MASTER_CMD_SLV4
                0x00001a6c        0x4 ./Sources/app/LIN_mstr_il.o
                0x00001a6c                linmstr_callback_MASTER_CMD_SLV4
 .text.linmstr_callback_SLAVE1_RSP
                0x00001a70        0x4 ./Sources/app/LIN_mstr_il.o
                0x00001a70                linmstr_callback_SLAVE1_RSP
 .text.linmstr_callback_SLAVE2_RSP
                0x00001a74        0x4 ./Sources/app/LIN_mstr_il.o
                0x00001a74                linmstr_callback_SLAVE2_RSP
 .text.linmstr_callback_SLAVE3_RSP
                0x00001a78        0x4 ./Sources/app/LIN_mstr_il.o
                0x00001a78                linmstr_callback_SLAVE3_RSP
 .text.linmstr_callback_SLAVE4_RSP
                0x00001a7c        0x4 ./Sources/app/LIN_mstr_il.o
                0x00001a7c                linmstr_callback_SLAVE4_RSP
 .text.linmstr_callback_SLAVE1_ID
                0x00001a80        0x4 ./Sources/app/LIN_mstr_il.o
                0x00001a80                linmstr_callback_SLAVE1_ID
 .text.linmstr_callback_SLAVE2_ID
                0x00001a84        0x4 ./Sources/app/LIN_mstr_il.o
                0x00001a84                linmstr_callback_SLAVE2_ID
 .text.linmstr_callback_SLAVE3_ID
                0x00001a88        0x4 ./Sources/app/LIN_mstr_il.o
                0x00001a88                linmstr_callback_SLAVE3_ID
 .text.linmstr_callback_SLAVE4_ID
                0x00001a8c        0x4 ./Sources/app/LIN_mstr_il.o
                0x00001a8c                linmstr_callback_SLAVE4_ID
 .text.linMstrHal_initSerialHW
                0x00001a90        0xc ./Sources/app/LIN_mstr_hal.o
                0x00001a90                linMstrHal_initSerialHW
 .text.linMstrHal_sendBrake
                0x00001a9c        0x8 ./Sources/app/LIN_mstr_hal.o
                0x00001a9c                linMstrHal_sendBrake
 .text.linMstrHal_sendByte
                0x00001aa4        0x8 ./Sources/app/LIN_mstr_hal.o
                0x00001aa4                linMstrHal_sendByte
 .text.linMstrHal_receivedByte
                0x00001aac        0x8 ./Sources/app/LIN_mstr_hal.o
                0x00001aac                linMstrHal_receivedByte
 .text.linMstrHal_TxISR
                0x00001ab4        0xc ./Sources/app/LIN_mstr_hal.o
                0x00001ab4                linMstrHal_TxISR
 .text.linMstrHal_RxISR
                0x00001ac0        0xc ./Sources/app/LIN_mstr_hal.o
                0x00001ac0                linMstrHal_RxISR
 .text.linmstr_coreInit
                0x00001acc       0x18 ./Sources/app/LIN_mstr_core.o
                0x00001acc                linmstr_coreInit
 .text.linmstr_masterStateMachine
                0x00001ae4      0x374 ./Sources/app/LIN_mstr_core.o
                0x00001ae4                linmstr_masterStateMachine
 .text.lincomm_calculateChksum
                0x00001e58       0x78 ./Sources/app/LIN_common.o
                0x00001e58                lincomm_calculateChksum
 .text.lincomm_checkIDparityBits
                0x00001ed0       0x44 ./Sources/app/LIN_common.o
                0x00001ed0                lincomm_checkIDparityBits
 .text.gsc_sch_core_tick_isr
                0x00001f14        0xc ./Sources/gsc_scheduler/gsc_sch_core/gsc_sch_core_tick_isr.o
                0x00001f14                gsc_sch_core_tick_isr
 .text.gsc_sch_core_Init
                0x00001f20      0x144 ./Sources/gsc_scheduler/gsc_sch_core/gsc_sch_core.o
                0x00001f20                gsc_sch_core_Init
 .text.gsc_sch_core_exec
                0x00002064      0x398 ./Sources/gsc_scheduler/gsc_sch_core/gsc_sch_core.o
                0x00002064                gsc_sch_core_exec
 .text.periodic_tasks_init_MclDrvs
                0x000023fc        0x4 ./Sources/gsc_scheduler/periodic_tasks/periodic_tasks_init.o
                0x000023fc                periodic_tasks_init_MclDrvs
 .text.periodic_tasks_init_SysDrvs
                0x00002400        0x8 ./Sources/gsc_scheduler/periodic_tasks/periodic_tasks_init.o
                0x00002400                periodic_tasks_init_SysDrvs
 .text.periodic_tasks_init_task_5tks
                0x00002408        0x8 ./Sources/gsc_scheduler/periodic_tasks/periodic_tasks_init.o
                0x00002408                periodic_tasks_init_task_5tks
 .text.periodic_tasks_init_task_10tks
                0x00002410        0xc ./Sources/gsc_scheduler/periodic_tasks/periodic_tasks_init.o
                0x00002410                periodic_tasks_init_task_10tks
 .text.periodic_tasks_init_task_20tks
                0x0000241c        0x8 ./Sources/gsc_scheduler/periodic_tasks/periodic_tasks_init.o
                0x0000241c                periodic_tasks_init_task_20tks
 .text.periodic_tasks_init_task_50tks
                0x00002424        0x4 ./Sources/gsc_scheduler/periodic_tasks/periodic_tasks_init.o
                0x00002424                periodic_tasks_init_task_50tks
 .text.periodic_tasks_init_task_100tks
                0x00002428        0x4 ./Sources/gsc_scheduler/periodic_tasks/periodic_tasks_init.o
                0x00002428                periodic_tasks_init_task_100tks
 .text.periodic_tasks_init_task_500tks
                0x0000242c        0x4 ./Sources/gsc_scheduler/periodic_tasks/periodic_tasks_init.o
                0x0000242c                periodic_tasks_init_task_500tks
 .text.periodic_tasks_init_task_1Mtks
                0x00002430        0x4 ./Sources/gsc_scheduler/periodic_tasks/periodic_tasks_init.o
                0x00002430                periodic_tasks_init_task_1Mtks
 .text.periodic_tasks_exec_5tks
                0x00002434        0x8 ./Sources/gsc_scheduler/periodic_tasks/periodic_tasks_exec.o
                0x00002434                periodic_tasks_exec_5tks
 .text.periodic_tasks_exec_10tks
                0x0000243c        0xc ./Sources/gsc_scheduler/periodic_tasks/periodic_tasks_exec.o
                0x0000243c                periodic_tasks_exec_10tks
 .text.periodic_tasks_exec_20tks
                0x00002448        0xc ./Sources/gsc_scheduler/periodic_tasks/periodic_tasks_exec.o
                0x00002448                periodic_tasks_exec_20tks
 .text.periodic_tasks_exec_50tks
                0x00002454        0x4 ./Sources/gsc_scheduler/periodic_tasks/periodic_tasks_exec.o
                0x00002454                periodic_tasks_exec_50tks
 .text.periodic_tasks_exec_100tks
                0x00002458        0x8 ./Sources/gsc_scheduler/periodic_tasks/periodic_tasks_exec.o
                0x00002458                periodic_tasks_exec_100tks
 .text.periodic_tasks_exec_500tks
                0x00002460        0x4 ./Sources/gsc_scheduler/periodic_tasks/periodic_tasks_exec.o
                0x00002460                periodic_tasks_exec_500tks
 .text.periodic_tasks_exec_1Mtks
                0x00002464        0x8 ./Sources/gsc_scheduler/periodic_tasks/periodic_tasks_exec.o
                0x00002464                periodic_tasks_exec_1Mtks
 .text.interrupts_enableIRQ
                0x0000246c       0x28 ./Sources/mcl/interrupts.o
                0x0000246c                interrupts_enableIRQ
 .text.NMI_Handler
                0x00002494        0x4 ./Sources/mcl/interrupts.o
                0x00002494                NMI_Handler
 .text.HandlerC
                0x00002498       0x80 ./Sources/mcl/interrupts.o
                0x00002498                HandlerC
 .text.HardFault_Handler
                0x00002518       0x1c ./Sources/mcl/interrupts.o
                0x00002518                HardFault_Handler
 .text.SVC_Handler
                0x00002534        0x4 ./Sources/mcl/interrupts.o
                0x00002534                SVC_Handler
 .text.PendSV_Handler
                0x00002538        0x4 ./Sources/mcl/interrupts.o
                0x00002538                PendSV_Handler
 .text.DMA0_IRQHandler
                0x0000253c        0x4 ./Sources/mcl/interrupts.o
                0x0000253c                DMA0_IRQHandler
 .text.DMA1_IRQHandler
                0x00002540        0x4 ./Sources/mcl/interrupts.o
                0x00002540                DMA1_IRQHandler
 .text.DMA2_IRQHandler
                0x00002544        0x4 ./Sources/mcl/interrupts.o
                0x00002544                DMA2_IRQHandler
 .text.DMA3_IRQHandler
                0x00002548        0x4 ./Sources/mcl/interrupts.o
                0x00002548                DMA3_IRQHandler
 .text.MCM_IRQHandler
                0x0000254c        0x4 ./Sources/mcl/interrupts.o
                0x0000254c                MCM_IRQHandler
 .text.FTFL_IRQHandler
                0x00002550        0x4 ./Sources/mcl/interrupts.o
                0x00002550                FTFL_IRQHandler
 .text.PMC_IRQHandler
                0x00002554        0x4 ./Sources/mcl/interrupts.o
                0x00002554                PMC_IRQHandler
 .text.LLW_IRQHandler
                0x00002558        0x4 ./Sources/mcl/interrupts.o
                0x00002558                LLW_IRQHandler
 .text.I2C0_IRQHandler
                0x0000255c        0x4 ./Sources/mcl/interrupts.o
                0x0000255c                I2C0_IRQHandler
 .text.I2C1_IRQHandler
                0x00002560        0x4 ./Sources/mcl/interrupts.o
                0x00002560                I2C1_IRQHandler
 .text.SPI0_IRQHandler
                0x00002564        0x4 ./Sources/mcl/interrupts.o
                0x00002564                SPI0_IRQHandler
 .text.SPI1_IRQHandler
                0x00002568        0x4 ./Sources/mcl/interrupts.o
                0x00002568                SPI1_IRQHandler
 .text.UART2_IRQHandler
                0x0000256c        0x4 ./Sources/mcl/interrupts.o
                0x0000256c                UART2_IRQHandler
 .text.ADC0_IRQHandler
                0x00002570        0x4 ./Sources/mcl/interrupts.o
                0x00002570                ADC0_IRQHandler
 .text.CMP0_IRQHandler
                0x00002574        0x4 ./Sources/mcl/interrupts.o
                0x00002574                CMP0_IRQHandler
 .text.FTM0_IRQHandler
                0x00002578        0x4 ./Sources/mcl/interrupts.o
                0x00002578                FTM0_IRQHandler
 .text.FTM1_IRQHandler
                0x0000257c        0x4 ./Sources/mcl/interrupts.o
                0x0000257c                FTM1_IRQHandler
 .text.FTM2_IRQHandler
                0x00002580        0x4 ./Sources/mcl/interrupts.o
                0x00002580                FTM2_IRQHandler
 .text.RTC_Alarm_IRQHandler
                0x00002584        0x4 ./Sources/mcl/interrupts.o
                0x00002584                RTC_Alarm_IRQHandler
 .text.RTC_Seconds_IRQHandler
                0x00002588        0x4 ./Sources/mcl/interrupts.o
                0x00002588                RTC_Seconds_IRQHandler
 .text.PIT_IRQHandler
                0x0000258c        0x4 ./Sources/mcl/interrupts.o
                0x0000258c                PIT_IRQHandler
 .text.USBOTG_IRQHandler
                0x00002590        0x4 ./Sources/mcl/interrupts.o
                0x00002590                USBOTG_IRQHandler
 .text.DAC0_IRQHandler
                0x00002594        0x4 ./Sources/mcl/interrupts.o
                0x00002594                DAC0_IRQHandler
 .text.TSI0_IRQHandler
                0x00002598        0x4 ./Sources/mcl/interrupts.o
                0x00002598                TSI0_IRQHandler
 .text.MCG_IRQHandler
                0x0000259c        0x4 ./Sources/mcl/interrupts.o
                0x0000259c                MCG_IRQHandler
 .text.LPTimer_IRQHandler
                0x000025a0        0x4 ./Sources/mcl/interrupts.o
                0x000025a0                LPTimer_IRQHandler
 .text.PORTA_IRQHandler
                0x000025a4        0x4 ./Sources/mcl/interrupts.o
                0x000025a4                PORTA_IRQHandler
 .text.PORTD_IRQHandler
                0x000025a8        0x4 ./Sources/mcl/interrupts.o
                0x000025a8                PORTD_IRQHandler
 .text.pll_init
                0x000025ac      0x2f0 ./Sources/mcl/CrystalClock.o
                0x000025ac                pll_init
 .text.InitClock
                0x0000289c       0x28 ./Sources/mcl/CrystalClock.o
                0x0000289c                InitClock
 .text.InitSysTick
                0x000028c4       0x18 ./Sources/mcl/ARM_SysTick.o
                0x000028c4                InitSysTick
 .text.WatchDog_cfg
                0x000028dc       0x14 ./Sources/main.o
                0x000028dc                WatchDog_cfg
 .text.main     0x000028f0       0x1c ./Sources/main.o
                0x000028f0                main
 .text.SysTick_Handler
                0x0000290c       0x14 ./Sources/main.o
                0x0000290c                SysTick_Handler
 .text.exit     0x00002920       0x38 C:/Freescale/CW MCU v10.6.4/MCU/ARM_GCC_Support/ewl/lib/armv6-m\libc.a(exit.o)
                0x00002920                exit
 .text.memset   0x00002958        0xc C:/Freescale/CW MCU v10.6.4/MCU/ARM_GCC_Support/ewl/lib/armv6-m\libc.a(memset.o)
                0x00002958                memset
 .text.__fill_mem
                0x00002964       0x7e C:/Freescale/CW MCU v10.6.4/MCU/ARM_GCC_Support/ewl/lib/armv6-m\libc.a(__filll_mem.o)
                0x00002964                __fill_mem
 .text.memcpy   0x000029e2       0x12 C:/Freescale/CW MCU v10.6.4/MCU/ARM_GCC_Support/ewl/lib/armv6-m\libc.a(memcpy.o)
                0x000029e2                memcpy
 .text.long2str.isra.0
                0x000029f4      0x19c C:/Freescale/CW MCU v10.6.4/MCU/ARM_GCC_Support/ewl/lib/armv6-m\libc.a(printformat_.o)
 .text.__pformatter_
                0x00002b90      0x428 C:/Freescale/CW MCU v10.6.4/MCU/ARM_GCC_Support/ewl/lib/armv6-m\libc.a(printformat_.o)
                0x00002b90                __pformatter_
 .text.__sformatter
                0x00002fb8      0x698 C:/Freescale/CW MCU v10.6.4/MCU/ARM_GCC_Support/ewl/lib/armv6-m\libc.a(scanformat_.o)
                0x00002fb8                __sformatter
 .text.isalpha  0x00003650       0x20 C:/Freescale/CW MCU v10.6.4/MCU/ARM_GCC_Support/ewl/lib/armv6-m\libc.a(ctype_aeabi.o)
                0x00003650                isalpha
 .text.isspace  0x00003670       0x20 C:/Freescale/CW MCU v10.6.4/MCU/ARM_GCC_Support/ewl/lib/armv6-m\libc.a(ctype_aeabi.o)
                0x00003670                isspace
 .text.toupper  0x00003690        0xe C:/Freescale/CW MCU v10.6.4/MCU/ARM_GCC_Support/ewl/lib/armv6-m\libc.a(ctype_aeabi.o)
                0x00003690                toupper
 .text.__strtoul
                0x0000369e      0x1ce C:/Freescale/CW MCU v10.6.4/MCU/ARM_GCC_Support/ewl/lib/armv6-m\libc.a(__strtoul.o)
                0x0000369e                __strtoul
 .text.strchr   0x0000386c       0x1e C:/Freescale/CW MCU v10.6.4/MCU/ARM_GCC_Support/ewl/lib/armv6-m\libc.a(strchr.o)
                0x0000386c                strchr
 .text.strlen   0x0000388a       0x10 C:/Freescale/CW MCU v10.6.4/MCU/ARM_GCC_Support/ewl/lib/armv6-m\libc.a(strlen.o)
                0x0000388a                strlen
 .text.memchr   0x0000389a       0x1a C:/Freescale/CW MCU v10.6.4/MCU/ARM_GCC_Support/ewl/lib/armv6-m\libc.a(memchr.o)
                0x0000389a                memchr
 .text.__init_cpp
                0x000038b4       0x48 C:/Freescale/CW MCU v10.6.4/MCU/ARM_GCC_Support/ewl/lib/armv6-m\librt.a(gcc_ctor_dtor.o)
                0x000038b4                __init_cpp
 .text.__fini_cpp
                0x000038fc       0x34 C:/Freescale/CW MCU v10.6.4/MCU/ARM_GCC_Support/ewl/lib/armv6-m\librt.a(gcc_ctor_dtor.o)
                0x000038fc                __fini_cpp
 .text.__destroy_global_chain
                0x00003930       0x1c C:/Freescale/CW MCU v10.6.4/MCU/ARM_GCC_Support/ewl/lib/armv6-m\librt.a(__arm_eabi_init.o)
                0x00003930                __destroy_global_chain
 .text.__init_registers
                0x0000394c       0x1c C:/Freescale/CW MCU v10.6.4/MCU/ARM_GCC_Support/ewl/lib/armv6-m\librt.a(__arm_eabi_init.o)
                0x0000394c                __init_registers
 .text.__init_user
                0x00003968        0x4 C:/Freescale/CW MCU v10.6.4/MCU/ARM_GCC_Support/ewl/lib/armv6-m\librt.a(__arm_eabi_init.o)
                0x00003968                __init_user
 .text.__copy_rom_section
                0x0000396c       0x48 C:/Freescale/CW MCU v10.6.4/MCU/ARM_GCC_Support/ewl/lib/armv6-m\librt.a(ROMCopy.o)
                0x0000396c                __copy_rom_section
 .text.__copy_rom_sections_to_ram
                0x000039b4       0x34 C:/Freescale/CW MCU v10.6.4/MCU/ARM_GCC_Support/ewl/lib/armv6-m\librt.a(ROMCopy.o)
                0x000039b4                __copy_rom_sections_to_ram
 *(.rodata)
 *(.rodata*)
 .rodata.str1.4
                0x000039e8        0x8 ./Sources/app/app_slave_actions.o
 .rodata.app_commander_action_task
                0x000039f0       0x38 ./Sources/app/app_commander.o
 .rodata.app_rgb_led_fsm
                0x00003a28       0x20 ./Sources/app/RGB_LEDs.o
 .rodata.rs_LINSLV_msgsStaticData
                0x00003a48       0x2c ./Sources/app/LIN_slave_network.o
                0x00003a48                rs_LINSLV_msgsStaticData
 .rodata.cs_schdTable_sched_testing
                0x00003a74       0x24 ./Sources/app/LIN_mstr_sched.o
                0x00003a74                cs_schdTable_sched_testing
 .rodata.cs_schdTable_sched_SlvCmdAndStats
                0x00003a98       0x10 ./Sources/app/LIN_mstr_sched.o
                0x00003a98                cs_schdTable_sched_SlvCmdAndStats
 .rodata.cs_schdTable_sched_SlvIDs
                0x00003aa8        0x8 ./Sources/app/LIN_mstr_sched.o
                0x00003aa8                cs_schdTable_sched_SlvIDs
 .rodata.cs_schdTable_sched_AllCmd
                0x00003ab0        0xc ./Sources/app/LIN_mstr_sched.o
                0x00003ab0                cs_schdTable_sched_AllCmd
 .rodata.ras_schdTableStaticData
                0x00003abc       0x18 ./Sources/app/LIN_mstr_sched.o
                0x00003abc                ras_schdTableStaticData
 .rodata.rs_LINMSTRmsgsStaticData
                0x00003ad4       0x90 ./Sources/app/LIN_mstr_network.o
                0x00003ad4                rs_LINMSTRmsgsStaticData
 .rodata.linmstr_masterStateMachine
                0x00003b64       0x20 ./Sources/app/LIN_mstr_core.o
 .rodata.cps_mngTaskList
                0x00003b84       0x80 ./Sources/gsc_scheduler/gsc_sch_core/gsc_sch_core_cfg.o
                0x00003b84                cps_mngTaskList
 .rodata.str1.1
                0x00003c04        0x1 C:/Freescale/CW MCU v10.6.4/MCU/ARM_GCC_Support/ewl/lib/armv6-m\libc.a(printformat_.o)
 .rodata.CSWTCH.20
                0x00003c05        0x5 C:/Freescale/CW MCU v10.6.4/MCU/ARM_GCC_Support/ewl/lib/armv6-m\libc.a(printformat_.o)
 .rodata.CSWTCH.21
                0x00003c0a        0x5 C:/Freescale/CW MCU v10.6.4/MCU/ARM_GCC_Support/ewl/lib/armv6-m\libc.a(printformat_.o)
 .rodata.__aeabi_ctype_table_C
                0x00003c0f      0x101 C:/Freescale/CW MCU v10.6.4/MCU/ARM_GCC_Support/ewl/lib/armv6-m\libc.a(ctype_aeabi.o)
                0x00003c0f                __aeabi_ctype_table_C
 *(.glue_7)
 .glue_7        0x00000000        0x0 linker stubs
 *(.glue_7t)
 .glue_7t       0x00000000        0x0 linker stubs
 *(.eh_frame)
 *(.init)
 *(.fini)
                0x00003d10                . = ALIGN (0x4)
                0x00003d10                _etext = .

.vfp11_veneer   0x00003d10        0x0
 .vfp11_veneer  0x00000000        0x0 linker stubs

.v4_bx          0x00003d10        0x0
 .v4_bx         0x00000000        0x0 linker stubs

.iplt           0x00003d10        0x0
 .iplt          0x00000000        0x0 ./Project_Settings/Startup_Code/kinetis_sysinit.o

.rel.dyn        0x00003d10        0x0
 .rel.iplt      0x00000000        0x0 ./Project_Settings/Startup_Code/kinetis_sysinit.o

.ARM.extab
 *(.ARM.extab* .gnu.linkonce.armextab.*)

.ARM            0x00003d10        0x0
                0x00003d10                __exidx_start = .
 *(.ARM.exidx*)
                0x00003d10                __exidx_end = .

.ctors          0x00003d10        0x0
                0x00003d10                __CTOR_LIST__ = .
 *crtbegin.o(.ctors)
 *(EXCLUDE_FILE(*crtend.o) .ctors)
 *(SORT(.ctors.*))
 *(.ctors)
                0x00003d10                __CTOR_END__ = .

.dtors          0x00003d10        0x0
                0x00003d10                __DTOR_LIST__ = .
 *crtbegin.o(.dtors)
 *(EXCLUDE_FILE(*crtend.o) .dtors)
 *(SORT(.dtors.*))
 *(.dtors)
                0x00003d10                __DTOR_END__ = .

.preinit_array  0x00003d10        0x0
                0x00003d10                PROVIDE (__preinit_array_start, .)
 *(.preinit_array*)
                0x00003d10                PROVIDE (__preinit_array_end, .)

.init_array     0x00003d10        0x0
                0x00003d10                PROVIDE (__init_array_start, .)
 *(SORT(.init_array.*))
 *(.init_array*)
                0x00003d10                PROVIDE (__init_array_end, .)

.fini_array     0x00003d10        0x0
                0x00003d10                PROVIDE (__fini_array_start, .)
 *(SORT(.fini_array.*))
 *(.fini_array*)
                0x00003d10                PROVIDE (__fini_array_end, .)
                0x00003d10                ___ROM_AT = .

.mtb            0x1ffff000        0x0
                0x1ffff000                . = ALIGN (0x8)
                0x1ffff000                _mtb_start = .
 *(.mtb_buf)
                0x1ffff000                . = ALIGN (0x8)
                0x1ffff000                _mtb_end = .

.data           0x1ffff000        0x0 load address 0x00003d10
                0x1ffff000                . = ALIGN (0x4)
                0x1ffff000                _sdata = .
 *(.data)
 *(.data*)
                0x1ffff000                . = ALIGN (0x4)
                0x1ffff000                _edata = .
                0x00000000                ___data_size = (_edata - _sdata)

.igot.plt       0x1ffff000        0x0
 .igot.plt      0x00000000        0x0 ./Project_Settings/Startup_Code/kinetis_sysinit.o
                0x1ffff000                . = ALIGN (0x4)

.bss            0x1ffff000       0x94
                0x1ffff000                __START_BSS = .
                0x1ffff000                PROVIDE (__bss_start__, __START_BSS)
 *(.bss)
 *(.bss*)
 .bss.argv      0x1ffff000        0x4 ./Project_Settings/Startup_Code/__arm_start.o
 .bss.rgb_state.4879
                0x1ffff004        0x1 ./Sources/app/RGB_LEDs.o
 *fill*         0x1ffff005        0x3 00
 .bss.laub_linUnifiedRxTxBuffer.5036
                0x1ffff008        0x8 ./Sources/app/LIN_mstr_core.o
 .bss.lub_tempChksum.5034
                0x1ffff010        0x1 ./Sources/app/LIN_mstr_core.o
 .bss.lub_rxChksum.5035
                0x1ffff011        0x1 ./Sources/app/LIN_mstr_core.o
 .bss.lub_dataCounter.5033
                0x1ffff012        0x1 ./Sources/app/LIN_mstr_core.o
 .bss.re_sch_mngExecflag
                0x1ffff013        0x1 ./Sources/gsc_scheduler/gsc_sch_core/gsc_sch_core_tick_isr.o
                0x1ffff013                re_sch_mngExecflag
 .bss.sys_tick_counter
                0x1ffff014        0x4 ./Sources/main.o
                0x1ffff014                sys_tick_counter
 .bss.__stdio_exit
                0x1ffff018        0x4 C:/Freescale/CW MCU v10.6.4/MCU/ARM_GCC_Support/ewl/lib/armv6-m\libc.a(exit.o)
                0x1ffff018                __stdio_exit
 .bss.__console_exit
                0x1ffff01c        0x4 C:/Freescale/CW MCU v10.6.4/MCU/ARM_GCC_Support/ewl/lib/armv6-m\libc.a(exit.o)
                0x1ffff01c                __console_exit
 .bss.__global_destructor_chain
                0x1ffff020        0x4 C:/Freescale/CW MCU v10.6.4/MCU/ARM_GCC_Support/ewl/lib/armv6-m\librt.a(__arm_eabi_init.o)
                0x1ffff020                __global_destructor_chain
 .bss.__S_romp  0x1ffff024        0xc C:/Freescale/CW MCU v10.6.4/MCU/ARM_GCC_Support/ewl/lib/armv6-m\librt.a(ROMCopy.o)
 *(COMMON)
 COMMON         0x1ffff030        0x3 ./Sources/app/app_slave_actions.o
                0x1ffff030                ru_LINSLV_msgsStatusFLag
                0x1ffff031                re_LEDaction
                0x1ffff032                re_SLVstatus
 *fill*         0x1ffff033        0x1 00
 COMMON         0x1ffff034       0x15 ./Sources/app/app_commander.o
                0x1ffff034                re_app_slv2_led_status
                0x1ffff036                ruw_ledBlinkCntr
                0x1ffff038                re_app_slv4_led_status
                0x1ffff03c                ru_LINmsgsStatusFLag
                0x1ffff03e                re_app_slv1_led_status
                0x1ffff03f                re_app_slv3_led_status
                0x1ffff040                rs_buttonSendCmd
 *fill*         0x1ffff049        0x3 00
 COMMON         0x1ffff04c        0xb ./Sources/app/LIN_slave_network.o
                0x1ffff04c                raub_LINSLV_msgsDataBuffer
 COMMON         0x1ffff057        0x2 ./Sources/app/LIN_slave_core.o
                0x1ffff057                re_currentSlvMsg
                0x1ffff058                re_linslvCommState
 COMMON         0x1ffff059        0x5 ./Sources/app/LIN_mstr_sched.o
                0x1ffff059                rub_schTableChangeRequested
                0x1ffff05a                rub_schdTableCurrentSlot
                0x1ffff05b                rsb_schdTableTickCntr
                0x1ffff05c                re_requestedSchdTable
                0x1ffff05d                re_currentSchdTable
 *fill*         0x1ffff05e        0x2 00
 COMMON         0x1ffff060       0x29 ./Sources/app/LIN_mstr_network.o
                0x1ffff060                raub_LINmsgsDataBuffer
 COMMON         0x1ffff089        0x2 ./Sources/app/LIN_mstr_core.o
                0x1ffff089                re_currentMsg
                0x1ffff08a                re_linCommState
 *fill*         0x1ffff08b        0x1 00
 COMMON         0x1ffff08c        0x2 ./Sources/gsc_scheduler/gsc_sch_core/gsc_sch_core.o
                0x1ffff08c                rt_curOpMode
 *fill*         0x1ffff08e        0x2 00
 COMMON         0x1ffff090        0x4 ./Sources/mcl/CrystalClock.o
                0x1ffff090                rul_currentSystemClockHz
                0x1ffff094                . = ALIGN (0x4)
                0x1ffff094                __END_BSS = .
                0x1ffff094                PROVIDE (__bss_end__, __END_BSS)
                0x00003d10                _romp_at = (___ROM_AT + SIZEOF (.data))

.romp           0x1ffff094       0x18 load address 0x00003d10
                0x00003d10                __S_romp = _romp_at
                0x1ffff094        0x4 LONG 0x3d10 ___ROM_AT
                0x1ffff098        0x4 LONG 0x1ffff000 _sdata
                0x1ffff09c        0x4 LONG 0x0 ___data_size
                0x1ffff0a0        0x4 LONG 0x0
                0x1ffff0a4        0x4 LONG 0x0
                0x1ffff0a8        0x4 LONG 0x0

._user_heap_stack
                0x1ffff0ac      0x800 load address 0x00003d28
                0x1ffff0ac                . = ALIGN (0x4)
                0x1ffff0ac                PROVIDE (end, .)
                0x1ffff0ac                PROVIDE (_end, .)
                0x1ffff0ac                __heap_addr = .
                0x1ffff4ac                . = (. + __heap_size)
 *fill*         0x1ffff0ac      0x400 00
                0x1ffff8ac                . = (. + __stack_size)
 *fill*         0x1ffff4ac      0x400 00
                0x1ffff8ac                . = ALIGN (0x4)

.ARM.attributes
                0x00000000       0x31
 *(.ARM.attributes)
 .ARM.attributes
                0x00000000       0x31 ./Project_Settings/Startup_Code/kinetis_sysinit.o
 .ARM.attributes
                0x00000031       0x31 ./Project_Settings/Startup_Code/__arm_start.o
 .ARM.attributes
                0x00000062       0x31 ./Project_Settings/Startup_Code/__arm_end.o
 .ARM.attributes
                0x00000093       0x31 ./Sources/app/app_slave_actions.o
 .ARM.attributes
                0x000000c4       0x31 ./Sources/app/app_commander.o
 .ARM.attributes
                0x000000f5       0x31 ./Sources/app/UART_hal.o
 .ARM.attributes
                0x00000126       0x31 ./Sources/app/RGB_LEDs.o
 .ARM.attributes
                0x00000157       0x31 ./Sources/app/LIN_slave_network.o
 .ARM.attributes
                0x00000188       0x31 ./Sources/app/LIN_slave_il.o
 .ARM.attributes
                0x000001b9       0x31 ./Sources/app/LIN_slave_hal.o
 .ARM.attributes
                0x000001ea       0x31 ./Sources/app/LIN_slave_core.o
 .ARM.attributes
                0x0000021b       0x31 ./Sources/app/LIN_mstr_sched.o
 .ARM.attributes
                0x0000024c       0x31 ./Sources/app/LIN_mstr_network.o
 .ARM.attributes
                0x0000027d       0x31 ./Sources/app/LIN_mstr_il.o
 .ARM.attributes
                0x000002ae       0x31 ./Sources/app/LIN_mstr_hal.o
 .ARM.attributes
                0x000002df       0x31 ./Sources/app/LIN_mstr_core.o
 .ARM.attributes
                0x00000310       0x31 ./Sources/app/LIN_common.o
 .ARM.attributes
                0x00000341       0x31 ./Sources/gsc_scheduler/gsc_sch_core/gsc_sch_core_tick_isr.o
 .ARM.attributes
                0x00000372       0x31 ./Sources/gsc_scheduler/gsc_sch_core/gsc_sch_core_cfg.o
 .ARM.attributes
                0x000003a3       0x31 ./Sources/gsc_scheduler/gsc_sch_core/gsc_sch_core.o
 .ARM.attributes
                0x000003d4       0x31 ./Sources/gsc_scheduler/periodic_tasks/periodic_tasks_init.o
 .ARM.attributes
                0x00000405       0x31 ./Sources/gsc_scheduler/periodic_tasks/periodic_tasks_exec.o
 .ARM.attributes
                0x00000436       0x31 ./Sources/mcl/interrupts.o
 .ARM.attributes
                0x00000467       0x31 ./Sources/mcl/CrystalClock.o
 .ARM.attributes
                0x00000498       0x31 ./Sources/mcl/ARM_SysTick.o
 .ARM.attributes
                0x000004c9       0x31 ./Sources/main.o
 .ARM.attributes
                0x000004fa       0x31 C:/Freescale/CW MCU v10.6.4/MCU/ARM_GCC_Support/ewl/lib/armv6-m\libc.a(exit.o)
 .ARM.attributes
                0x0000052b       0x31 C:/Freescale/CW MCU v10.6.4/MCU/ARM_GCC_Support/ewl/lib/armv6-m\libc.a(memset.o)
 .ARM.attributes
                0x0000055c       0x31 C:/Freescale/CW MCU v10.6.4/MCU/ARM_GCC_Support/ewl/lib/armv6-m\libc.a(__filll_mem.o)
 .ARM.attributes
                0x0000058d       0x31 C:/Freescale/CW MCU v10.6.4/MCU/ARM_GCC_Support/ewl/lib/armv6-m\libc.a(memcpy.o)
 .ARM.attributes
                0x000005be       0x31 C:/Freescale/CW MCU v10.6.4/MCU/ARM_GCC_Support/ewl/lib/armv6-m\libc.a(printformat_.o)
 .ARM.attributes
                0x000005ef       0x31 C:/Freescale/CW MCU v10.6.4/MCU/ARM_GCC_Support/ewl/lib/armv6-m\libc.a(scanformat_.o)
 .ARM.attributes
                0x00000620       0x31 C:/Freescale/CW MCU v10.6.4/MCU/ARM_GCC_Support/ewl/lib/armv6-m\libc.a(ctype_aeabi.o)
 .ARM.attributes
                0x00000651       0x31 C:/Freescale/CW MCU v10.6.4/MCU/ARM_GCC_Support/ewl/lib/armv6-m\libc.a(__strtoul.o)
 .ARM.attributes
                0x00000682       0x31 C:/Freescale/CW MCU v10.6.4/MCU/ARM_GCC_Support/ewl/lib/armv6-m\libc.a(strchr.o)
 .ARM.attributes
                0x000006b3       0x31 C:/Freescale/CW MCU v10.6.4/MCU/ARM_GCC_Support/ewl/lib/armv6-m\libc.a(strlen.o)
 .ARM.attributes
                0x000006e4       0x31 C:/Freescale/CW MCU v10.6.4/MCU/ARM_GCC_Support/ewl/lib/armv6-m\libc.a(memchr.o)
 .ARM.attributes
                0x00000715       0x1e c:/freescale/cw mcu v10.6.4/cross_tools/arm-none-eabi-gcc-4_7_3/bin/../lib/gcc/arm-none-eabi/4.7.3/armv6-m\libgcc.a(_thumb1_case_sqi.o)
 .ARM.attributes
                0x00000733       0x1e c:/freescale/cw mcu v10.6.4/cross_tools/arm-none-eabi-gcc-4_7_3/bin/../lib/gcc/arm-none-eabi/4.7.3/armv6-m\libgcc.a(_thumb1_case_uqi.o)
 .ARM.attributes
                0x00000751       0x1e c:/freescale/cw mcu v10.6.4/cross_tools/arm-none-eabi-gcc-4_7_3/bin/../lib/gcc/arm-none-eabi/4.7.3/armv6-m\libgcc.a(_udivsi3.o)
 .ARM.attributes
                0x0000076f       0x1e c:/freescale/cw mcu v10.6.4/cross_tools/arm-none-eabi-gcc-4_7_3/bin/../lib/gcc/arm-none-eabi/4.7.3/armv6-m\libgcc.a(_divsi3.o)
 .ARM.attributes
                0x0000078d       0x1e c:/freescale/cw mcu v10.6.4/cross_tools/arm-none-eabi-gcc-4_7_3/bin/../lib/gcc/arm-none-eabi/4.7.3/armv6-m\libgcc.a(_dvmd_tls.o)
 .ARM.attributes
                0x000007ab       0x31 C:/Freescale/CW MCU v10.6.4/MCU/ARM_GCC_Support/ewl/lib/armv6-m\librt.a(gcc_ctor_dtor.o)
 .ARM.attributes
                0x000007dc       0x31 C:/Freescale/CW MCU v10.6.4/MCU/ARM_GCC_Support/ewl/lib/armv6-m\librt.a(__arm_eabi_init.o)
 .ARM.attributes
                0x0000080d       0x31 C:/Freescale/CW MCU v10.6.4/MCU/ARM_GCC_Support/ewl/lib/armv6-m\librt.a(ROMCopy.o)
OUTPUT(gsc_sch_MKL25Z128.elf elf32-littlearm)

.debug_info     0x00000000     0x733c
 .debug_info    0x00000000      0x445 ./Project_Settings/Startup_Code/kinetis_sysinit.o
 .debug_info    0x00000445      0x148 ./Project_Settings/Startup_Code/__arm_start.o
 .debug_info    0x0000058d       0x53 ./Project_Settings/Startup_Code/__arm_end.o
 .debug_info    0x000005e0      0x452 ./Sources/app/app_slave_actions.o
 .debug_info    0x00000a32      0xc3e ./Sources/app/app_commander.o
 .debug_info    0x00001670      0x92a ./Sources/app/UART_hal.o
 .debug_info    0x00001f9a      0x4f0 ./Sources/app/RGB_LEDs.o
 .debug_info    0x0000248a      0x2ac ./Sources/app/LIN_slave_network.o
 .debug_info    0x00002736       0xba ./Sources/app/LIN_slave_il.o
 .debug_info    0x000027f0      0x18e ./Sources/app/LIN_slave_hal.o
 .debug_info    0x0000297e      0x333 ./Sources/app/LIN_slave_core.o
 .debug_info    0x00002cb1      0x4aa ./Sources/app/LIN_mstr_sched.o
 .debug_info    0x0000315b      0x37c ./Sources/app/LIN_mstr_network.o
 .debug_info    0x000034d7      0x2eb ./Sources/app/LIN_mstr_il.o
 .debug_info    0x000037c2      0x395 ./Sources/app/LIN_mstr_hal.o
 .debug_info    0x00003b57      0x4e6 ./Sources/app/LIN_mstr_core.o
 .debug_info    0x0000403d      0x150 ./Sources/app/LIN_common.o
 .debug_info    0x0000418d       0xba ./Sources/gsc_scheduler/gsc_sch_core/gsc_sch_core_tick_isr.o
 .debug_info    0x00004247      0x16e ./Sources/gsc_scheduler/gsc_sch_core/gsc_sch_core_cfg.o
 .debug_info    0x000043b5      0x236 ./Sources/gsc_scheduler/gsc_sch_core/gsc_sch_core.o
 .debug_info    0x000045eb      0x273 ./Sources/gsc_scheduler/periodic_tasks/periodic_tasks_init.o
 .debug_info    0x0000485e      0x24c ./Sources/gsc_scheduler/periodic_tasks/periodic_tasks_exec.o
 .debug_info    0x00004aaa      0x609 ./Sources/mcl/interrupts.o
 .debug_info    0x000050b3      0x288 ./Sources/mcl/CrystalClock.o
 .debug_info    0x0000533b       0xe7 ./Sources/mcl/ARM_SysTick.o
 .debug_info    0x00005422      0x302 ./Sources/main.o
 .debug_info    0x00005724       0xe8 C:/Freescale/CW MCU v10.6.4/MCU/ARM_GCC_Support/ewl/lib/armv6-m\libc.a(exit.o)
 .debug_info    0x0000580c       0xec C:/Freescale/CW MCU v10.6.4/MCU/ARM_GCC_Support/ewl/lib/armv6-m\libc.a(memset.o)
 .debug_info    0x000058f8      0x137 C:/Freescale/CW MCU v10.6.4/MCU/ARM_GCC_Support/ewl/lib/armv6-m\libc.a(__filll_mem.o)
 .debug_info    0x00005a2f      0x10f C:/Freescale/CW MCU v10.6.4/MCU/ARM_GCC_Support/ewl/lib/armv6-m\libc.a(memcpy.o)
 .debug_info    0x00005b3e      0x50d C:/Freescale/CW MCU v10.6.4/MCU/ARM_GCC_Support/ewl/lib/armv6-m\libc.a(printformat_.o)
 .debug_info    0x0000604b      0x568 C:/Freescale/CW MCU v10.6.4/MCU/ARM_GCC_Support/ewl/lib/armv6-m\libc.a(scanformat_.o)
 .debug_info    0x000065b3      0x313 C:/Freescale/CW MCU v10.6.4/MCU/ARM_GCC_Support/ewl/lib/armv6-m\libc.a(ctype_aeabi.o)
 .debug_info    0x000068c6      0x1d6 C:/Freescale/CW MCU v10.6.4/MCU/ARM_GCC_Support/ewl/lib/armv6-m\libc.a(__strtoul.o)
 .debug_info    0x00006a9c      0x10b C:/Freescale/CW MCU v10.6.4/MCU/ARM_GCC_Support/ewl/lib/armv6-m\libc.a(strchr.o)
 .debug_info    0x00006ba7       0xea C:/Freescale/CW MCU v10.6.4/MCU/ARM_GCC_Support/ewl/lib/armv6-m\libc.a(strlen.o)
 .debug_info    0x00006c91      0x121 C:/Freescale/CW MCU v10.6.4/MCU/ARM_GCC_Support/ewl/lib/armv6-m\libc.a(memchr.o)
 .debug_info    0x00006db2      0x136 C:/Freescale/CW MCU v10.6.4/MCU/ARM_GCC_Support/ewl/lib/armv6-m\librt.a(gcc_ctor_dtor.o)
 .debug_info    0x00006ee8      0x2b9 C:/Freescale/CW MCU v10.6.4/MCU/ARM_GCC_Support/ewl/lib/armv6-m\librt.a(__arm_eabi_init.o)
 .debug_info    0x000071a1      0x19b C:/Freescale/CW MCU v10.6.4/MCU/ARM_GCC_Support/ewl/lib/armv6-m\librt.a(ROMCopy.o)

.debug_abbrev   0x00000000     0x2524
 .debug_abbrev  0x00000000       0xe7 ./Project_Settings/Startup_Code/kinetis_sysinit.o
 .debug_abbrev  0x000000e7       0xc2 ./Project_Settings/Startup_Code/__arm_start.o
 .debug_abbrev  0x000001a9       0x4c ./Project_Settings/Startup_Code/__arm_end.o
 .debug_abbrev  0x000001f5      0x144 ./Sources/app/app_slave_actions.o
 .debug_abbrev  0x00000339      0x1ea ./Sources/app/app_commander.o
 .debug_abbrev  0x00000523      0x1c5 ./Sources/app/UART_hal.o
 .debug_abbrev  0x000006e8      0x145 ./Sources/app/RGB_LEDs.o
 .debug_abbrev  0x0000082d      0x118 ./Sources/app/LIN_slave_network.o
 .debug_abbrev  0x00000945       0x25 ./Sources/app/LIN_slave_il.o
 .debug_abbrev  0x0000096a       0xc5 ./Sources/app/LIN_slave_hal.o
 .debug_abbrev  0x00000a2f      0x142 ./Sources/app/LIN_slave_core.o
 .debug_abbrev  0x00000b71      0x126 ./Sources/app/LIN_mstr_sched.o
 .debug_abbrev  0x00000c97      0x118 ./Sources/app/LIN_mstr_network.o
 .debug_abbrev  0x00000daf       0xa7 ./Sources/app/LIN_mstr_il.o
 .debug_abbrev  0x00000e56      0x15f ./Sources/app/LIN_mstr_hal.o
 .debug_abbrev  0x00000fb5      0x172 ./Sources/app/LIN_mstr_core.o
 .debug_abbrev  0x00001127       0x99 ./Sources/app/LIN_common.o
 .debug_abbrev  0x000011c0       0x78 ./Sources/gsc_scheduler/gsc_sch_core/gsc_sch_core_tick_isr.o
 .debug_abbrev  0x00001238       0xa1 ./Sources/gsc_scheduler/gsc_sch_core/gsc_sch_core_cfg.o
 .debug_abbrev  0x000012d9       0xec ./Sources/gsc_scheduler/gsc_sch_core/gsc_sch_core.o
 .debug_abbrev  0x000013c5       0xbe ./Sources/gsc_scheduler/periodic_tasks/periodic_tasks_init.o
 .debug_abbrev  0x00001483       0xbe ./Sources/gsc_scheduler/periodic_tasks/periodic_tasks_exec.o
 .debug_abbrev  0x00001541      0x12f ./Sources/mcl/interrupts.o
 .debug_abbrev  0x00001670      0x117 ./Sources/mcl/CrystalClock.o
 .debug_abbrev  0x00001787       0x92 ./Sources/mcl/ARM_SysTick.o
 .debug_abbrev  0x00001819       0xdd ./Sources/main.o
 .debug_abbrev  0x000018f6       0x7a C:/Freescale/CW MCU v10.6.4/MCU/ARM_GCC_Support/ewl/lib/armv6-m\libc.a(exit.o)
 .debug_abbrev  0x00001970       0x62 C:/Freescale/CW MCU v10.6.4/MCU/ARM_GCC_Support/ewl/lib/armv6-m\libc.a(memset.o)
 .debug_abbrev  0x000019d2       0x78 C:/Freescale/CW MCU v10.6.4/MCU/ARM_GCC_Support/ewl/lib/armv6-m\libc.a(__filll_mem.o)
 .debug_abbrev  0x00001a4a       0x95 C:/Freescale/CW MCU v10.6.4/MCU/ARM_GCC_Support/ewl/lib/armv6-m\libc.a(memcpy.o)
 .debug_abbrev  0x00001adf      0x200 C:/Freescale/CW MCU v10.6.4/MCU/ARM_GCC_Support/ewl/lib/armv6-m\libc.a(printformat_.o)
 .debug_abbrev  0x00001cdf      0x1f0 C:/Freescale/CW MCU v10.6.4/MCU/ARM_GCC_Support/ewl/lib/armv6-m\libc.a(scanformat_.o)
 .debug_abbrev  0x00001ecf       0x9e C:/Freescale/CW MCU v10.6.4/MCU/ARM_GCC_Support/ewl/lib/armv6-m\libc.a(ctype_aeabi.o)
 .debug_abbrev  0x00001f6d       0xc2 C:/Freescale/CW MCU v10.6.4/MCU/ARM_GCC_Support/ewl/lib/armv6-m\libc.a(__strtoul.o)
 .debug_abbrev  0x0000202f       0x7a C:/Freescale/CW MCU v10.6.4/MCU/ARM_GCC_Support/ewl/lib/armv6-m\libc.a(strchr.o)
 .debug_abbrev  0x000020a9       0x7a C:/Freescale/CW MCU v10.6.4/MCU/ARM_GCC_Support/ewl/lib/armv6-m\libc.a(strlen.o)
 .debug_abbrev  0x00002123       0x95 C:/Freescale/CW MCU v10.6.4/MCU/ARM_GCC_Support/ewl/lib/armv6-m\libc.a(memchr.o)
 .debug_abbrev  0x000021b8       0x99 C:/Freescale/CW MCU v10.6.4/MCU/ARM_GCC_Support/ewl/lib/armv6-m\librt.a(gcc_ctor_dtor.o)
 .debug_abbrev  0x00002251      0x1b3 C:/Freescale/CW MCU v10.6.4/MCU/ARM_GCC_Support/ewl/lib/armv6-m\librt.a(__arm_eabi_init.o)
 .debug_abbrev  0x00002404      0x120 C:/Freescale/CW MCU v10.6.4/MCU/ARM_GCC_Support/ewl/lib/armv6-m\librt.a(ROMCopy.o)

.debug_aranges  0x00000000      0x9d8
 .debug_aranges
                0x00000000       0x28 ./Project_Settings/Startup_Code/kinetis_sysinit.o
 .debug_aranges
                0x00000028       0x28 ./Project_Settings/Startup_Code/__arm_start.o
 .debug_aranges
                0x00000050       0x20 ./Project_Settings/Startup_Code/__arm_end.o
 .debug_aranges
                0x00000070       0x30 ./Sources/app/app_slave_actions.o
 .debug_aranges
                0x000000a0       0x40 ./Sources/app/app_commander.o
 .debug_aranges
                0x000000e0       0x88 ./Sources/app/UART_hal.o
 .debug_aranges
                0x00000168       0x68 ./Sources/app/RGB_LEDs.o
 .debug_aranges
                0x000001d0       0x30 ./Sources/app/LIN_slave_network.o
 .debug_aranges
                0x00000200       0x58 ./Sources/app/LIN_slave_il.o
 .debug_aranges
                0x00000258       0x60 ./Sources/app/LIN_slave_hal.o
 .debug_aranges
                0x000002b8       0x30 ./Sources/app/LIN_slave_core.o
 .debug_aranges
                0x000002e8       0x40 ./Sources/app/LIN_mstr_sched.o
 .debug_aranges
                0x00000328       0x30 ./Sources/app/LIN_mstr_network.o
 .debug_aranges
                0x00000358       0x98 ./Sources/app/LIN_mstr_il.o
 .debug_aranges
                0x000003f0       0x58 ./Sources/app/LIN_mstr_hal.o
 .debug_aranges
                0x00000448       0x30 ./Sources/app/LIN_mstr_core.o
 .debug_aranges
                0x00000478       0x28 ./Sources/app/LIN_common.o
 .debug_aranges
                0x000004a0       0x20 ./Sources/gsc_scheduler/gsc_sch_core/gsc_sch_core_tick_isr.o
 .debug_aranges
                0x000004c0       0x18 ./Sources/gsc_scheduler/gsc_sch_core/gsc_sch_core_cfg.o
 .debug_aranges
                0x000004d8       0x28 ./Sources/gsc_scheduler/gsc_sch_core/gsc_sch_core.o
 .debug_aranges
                0x00000500       0x60 ./Sources/gsc_scheduler/periodic_tasks/periodic_tasks_init.o
 .debug_aranges
                0x00000560       0x50 ./Sources/gsc_scheduler/periodic_tasks/periodic_tasks_exec.o
 .debug_aranges
                0x000005b0      0x130 ./Sources/mcl/interrupts.o
 .debug_aranges
                0x000006e0       0x28 ./Sources/mcl/CrystalClock.o
 .debug_aranges
                0x00000708       0x20 ./Sources/mcl/ARM_SysTick.o
 .debug_aranges
                0x00000728       0x30 ./Sources/main.o
 .debug_aranges
                0x00000758       0x20 C:/Freescale/CW MCU v10.6.4/MCU/ARM_GCC_Support/ewl/lib/armv6-m\libc.a(exit.o)
 .debug_aranges
                0x00000778       0x20 C:/Freescale/CW MCU v10.6.4/MCU/ARM_GCC_Support/ewl/lib/armv6-m\libc.a(memset.o)
 .debug_aranges
                0x00000798       0x20 C:/Freescale/CW MCU v10.6.4/MCU/ARM_GCC_Support/ewl/lib/armv6-m\libc.a(__filll_mem.o)
 .debug_aranges
                0x000007b8       0x20 C:/Freescale/CW MCU v10.6.4/MCU/ARM_GCC_Support/ewl/lib/armv6-m\libc.a(memcpy.o)
 .debug_aranges
                0x000007d8       0x28 C:/Freescale/CW MCU v10.6.4/MCU/ARM_GCC_Support/ewl/lib/armv6-m\libc.a(printformat_.o)
 .debug_aranges
                0x00000800       0x20 C:/Freescale/CW MCU v10.6.4/MCU/ARM_GCC_Support/ewl/lib/armv6-m\libc.a(scanformat_.o)
 .debug_aranges
                0x00000820       0x88 C:/Freescale/CW MCU v10.6.4/MCU/ARM_GCC_Support/ewl/lib/armv6-m\libc.a(ctype_aeabi.o)
 .debug_aranges
                0x000008a8       0x20 C:/Freescale/CW MCU v10.6.4/MCU/ARM_GCC_Support/ewl/lib/armv6-m\libc.a(__strtoul.o)
 .debug_aranges
                0x000008c8       0x20 C:/Freescale/CW MCU v10.6.4/MCU/ARM_GCC_Support/ewl/lib/armv6-m\libc.a(strchr.o)
 .debug_aranges
                0x000008e8       0x20 C:/Freescale/CW MCU v10.6.4/MCU/ARM_GCC_Support/ewl/lib/armv6-m\libc.a(strlen.o)
 .debug_aranges
                0x00000908       0x20 C:/Freescale/CW MCU v10.6.4/MCU/ARM_GCC_Support/ewl/lib/armv6-m\libc.a(memchr.o)
 .debug_aranges
                0x00000928       0x28 C:/Freescale/CW MCU v10.6.4/MCU/ARM_GCC_Support/ewl/lib/armv6-m\librt.a(gcc_ctor_dtor.o)
 .debug_aranges
                0x00000950       0x58 C:/Freescale/CW MCU v10.6.4/MCU/ARM_GCC_Support/ewl/lib/armv6-m\librt.a(__arm_eabi_init.o)
 .debug_aranges
                0x000009a8       0x30 C:/Freescale/CW MCU v10.6.4/MCU/ARM_GCC_Support/ewl/lib/armv6-m\librt.a(ROMCopy.o)

.debug_macinfo  0x00000000   0x3851be
 .debug_macinfo
                0x00000000    0x264b4 ./Project_Settings/Startup_Code/kinetis_sysinit.o
 .debug_macinfo
                0x000264b4     0x3e6c ./Project_Settings/Startup_Code/__arm_start.o
 .debug_macinfo
                0x0002a320     0x3455 ./Project_Settings/Startup_Code/__arm_end.o
 .debug_macinfo
                0x0002d775    0x26b8e ./Sources/app/app_slave_actions.o
 .debug_macinfo
                0x00054303    0x26ee3 ./Sources/app/app_commander.o
 .debug_macinfo
                0x0007b1e6    0x27322 ./Sources/app/UART_hal.o
 .debug_macinfo
                0x000a2508    0x26ae0 ./Sources/app/RGB_LEDs.o
 .debug_macinfo
                0x000c8fe8    0x26c59 ./Sources/app/LIN_slave_network.o
 .debug_macinfo
                0x000efc41     0x24d7 ./Sources/app/LIN_slave_il.o
 .debug_macinfo
                0x000f2118    0x271ed ./Sources/app/LIN_slave_hal.o
 .debug_macinfo
                0x00119305    0x2785e ./Sources/app/LIN_slave_core.o
 .debug_macinfo
                0x00140b63    0x26cfd ./Sources/app/LIN_mstr_sched.o
 .debug_macinfo
                0x00167860    0x26d51 ./Sources/app/LIN_mstr_network.o
 .debug_macinfo
                0x0018e5b1    0x26d23 ./Sources/app/LIN_mstr_il.o
 .debug_macinfo
                0x001b52d4    0x277b9 ./Sources/app/LIN_mstr_hal.o
 .debug_macinfo
                0x001dca8d    0x278b2 ./Sources/app/LIN_mstr_core.o
 .debug_macinfo
                0x0020433f    0x265fa ./Sources/app/LIN_common.o
 .debug_macinfo
                0x0022a939    0x265eb ./Sources/gsc_scheduler/gsc_sch_core/gsc_sch_core_tick_isr.o
 .debug_macinfo
                0x00250f24    0x266ed ./Sources/gsc_scheduler/gsc_sch_core/gsc_sch_core_cfg.o
 .debug_macinfo
                0x00277611    0x266d2 ./Sources/gsc_scheduler/gsc_sch_core/gsc_sch_core.o
 .debug_macinfo
                0x0029dce3    0x26f56 ./Sources/gsc_scheduler/periodic_tasks/periodic_tasks_init.o
 .debug_macinfo
                0x002c4c39    0x26f3d ./Sources/gsc_scheduler/periodic_tasks/periodic_tasks_exec.o
 .debug_macinfo
                0x002ebb76    0x2657d ./Sources/mcl/interrupts.o
 .debug_macinfo
                0x003120f3    0x265bd ./Sources/mcl/CrystalClock.o
 .debug_macinfo
                0x003386b0    0x264fe ./Sources/mcl/ARM_SysTick.o
 .debug_macinfo
                0x0035ebae    0x26610 ./Sources/main.o

.debug_line     0x00000000     0x5766
 .debug_line    0x00000000      0x20e ./Project_Settings/Startup_Code/kinetis_sysinit.o
 .debug_line    0x0000020e      0x280 ./Project_Settings/Startup_Code/__arm_start.o
 .debug_line    0x0000048e      0x26d ./Project_Settings/Startup_Code/__arm_end.o
 .debug_line    0x000006fb      0x290 ./Sources/app/app_slave_actions.o
 .debug_line    0x0000098b      0x377 ./Sources/app/app_commander.o
 .debug_line    0x00000d02      0x421 ./Sources/app/UART_hal.o
 .debug_line    0x00001123      0x31a ./Sources/app/RGB_LEDs.o
 .debug_line    0x0000143d      0x2a0 ./Sources/app/LIN_slave_network.o
 .debug_line    0x000016dd      0x136 ./Sources/app/LIN_slave_il.o
 .debug_line    0x00001813      0x2b5 ./Sources/app/LIN_slave_hal.o
 .debug_line    0x00001ac8      0x31a ./Sources/app/LIN_slave_core.o
 .debug_line    0x00001de2      0x2a6 ./Sources/app/LIN_mstr_sched.o
 .debug_line    0x00002088      0x2b4 ./Sources/app/LIN_mstr_network.o
 .debug_line    0x0000233c      0x362 ./Sources/app/LIN_mstr_il.o
 .debug_line    0x0000269e      0x2d1 ./Sources/app/LIN_mstr_hal.o
 .debug_line    0x0000296f      0x344 ./Sources/app/LIN_mstr_core.o
 .debug_line    0x00002cb3      0x227 ./Sources/app/LIN_common.o
 .debug_line    0x00002eda      0x231 ./Sources/gsc_scheduler/gsc_sch_core/gsc_sch_core_tick_isr.o
 .debug_line    0x0000310b      0x28a ./Sources/gsc_scheduler/gsc_sch_core/gsc_sch_core_cfg.o
 .debug_line    0x00003395      0x2b1 ./Sources/gsc_scheduler/gsc_sch_core/gsc_sch_core.o
 .debug_line    0x00003646      0x39c ./Sources/gsc_scheduler/periodic_tasks/periodic_tasks_init.o
 .debug_line    0x000039e2      0x368 ./Sources/gsc_scheduler/periodic_tasks/periodic_tasks_exec.o
 .debug_line    0x00003d4a      0x45a ./Sources/mcl/interrupts.o
 .debug_line    0x000041a4      0x24d ./Sources/mcl/CrystalClock.o
 .debug_line    0x000043f1      0x1f6 ./Sources/mcl/ARM_SysTick.o
 .debug_line    0x000045e7      0x2a3 ./Sources/main.o
 .debug_line    0x0000488a       0x8d C:/Freescale/CW MCU v10.6.4/MCU/ARM_GCC_Support/ewl/lib/armv6-m\libc.a(exit.o)
 .debug_line    0x00004917       0x90 C:/Freescale/CW MCU v10.6.4/MCU/ARM_GCC_Support/ewl/lib/armv6-m\libc.a(memset.o)
 .debug_line    0x000049a7       0xf6 C:/Freescale/CW MCU v10.6.4/MCU/ARM_GCC_Support/ewl/lib/armv6-m\libc.a(__filll_mem.o)
 .debug_line    0x00004a9d       0x8b C:/Freescale/CW MCU v10.6.4/MCU/ARM_GCC_Support/ewl/lib/armv6-m\libc.a(memcpy.o)
 .debug_line    0x00004b28      0x2c3 C:/Freescale/CW MCU v10.6.4/MCU/ARM_GCC_Support/ewl/lib/armv6-m\libc.a(printformat_.o)
 .debug_line    0x00004deb      0x2be C:/Freescale/CW MCU v10.6.4/MCU/ARM_GCC_Support/ewl/lib/armv6-m\libc.a(scanformat_.o)
 .debug_line    0x000050a9      0x1be C:/Freescale/CW MCU v10.6.4/MCU/ARM_GCC_Support/ewl/lib/armv6-m\libc.a(ctype_aeabi.o)
 .debug_line    0x00005267      0x11e C:/Freescale/CW MCU v10.6.4/MCU/ARM_GCC_Support/ewl/lib/armv6-m\libc.a(__strtoul.o)
 .debug_line    0x00005385       0x7d C:/Freescale/CW MCU v10.6.4/MCU/ARM_GCC_Support/ewl/lib/armv6-m\libc.a(strchr.o)
 .debug_line    0x00005402       0x85 C:/Freescale/CW MCU v10.6.4/MCU/ARM_GCC_Support/ewl/lib/armv6-m\libc.a(strlen.o)
 .debug_line    0x00005487       0x9f C:/Freescale/CW MCU v10.6.4/MCU/ARM_GCC_Support/ewl/lib/armv6-m\libc.a(memchr.o)
 .debug_line    0x00005526       0x6c C:/Freescale/CW MCU v10.6.4/MCU/ARM_GCC_Support/ewl/lib/armv6-m\librt.a(gcc_ctor_dtor.o)
 .debug_line    0x00005592      0x117 C:/Freescale/CW MCU v10.6.4/MCU/ARM_GCC_Support/ewl/lib/armv6-m\librt.a(__arm_eabi_init.o)
 .debug_line    0x000056a9       0xbd C:/Freescale/CW MCU v10.6.4/MCU/ARM_GCC_Support/ewl/lib/armv6-m\librt.a(ROMCopy.o)

.debug_str      0x00000000     0x2d50
 .debug_str     0x00000000      0x287 ./Project_Settings/Startup_Code/kinetis_sysinit.o
                                0x2b3 (size before relaxing)
 .debug_str     0x00000287       0x85 ./Project_Settings/Startup_Code/__arm_start.o
                                0x18d (size before relaxing)
 .debug_str     0x0000030c       0x3a ./Project_Settings/Startup_Code/__arm_end.o
                                 0xc4 (size before relaxing)
 .debug_str     0x00000346      0x2a1 ./Sources/app/app_slave_actions.o
                                0x3ef (size before relaxing)
 .debug_str     0x000005e7      0x51b ./Sources/app/app_commander.o
                                0x93e (size before relaxing)
 .debug_str     0x00000b02      0x384 ./Sources/app/UART_hal.o
                                0x5b2 (size before relaxing)
 .debug_str     0x00000e86       0x8f ./Sources/app/RGB_LEDs.o
                                0x30e (size before relaxing)
 .debug_str     0x00000f15      0x111 ./Sources/app/LIN_slave_network.o
                                0x2e0 (size before relaxing)
 .debug_str     0x00001026      0x10b ./Sources/app/LIN_slave_il.o
                                0x181 (size before relaxing)
 .debug_str     0x00001131      0x12b ./Sources/app/LIN_slave_hal.o
                                0x23f (size before relaxing)
 .debug_str     0x0000125c      0x16d ./Sources/app/LIN_slave_core.o
                                0x3c0 (size before relaxing)
 .debug_str     0x000013c9      0x294 ./Sources/app/LIN_mstr_sched.o
                                0x5ab (size before relaxing)
 .debug_str     0x0000165d       0x97 ./Sources/app/LIN_mstr_network.o
                                0x3d2 (size before relaxing)
 .debug_str     0x000016f4      0x1fd ./Sources/app/LIN_mstr_il.o
                                0x404 (size before relaxing)
 .debug_str     0x000018f1       0xba ./Sources/app/LIN_mstr_hal.o
                                0x349 (size before relaxing)
 .debug_str     0x000019ab      0x118 ./Sources/app/LIN_mstr_core.o
                                0x539 (size before relaxing)
 .debug_str     0x00001ac3       0xba ./Sources/app/LIN_common.o
                                0x1d7 (size before relaxing)
 .debug_str     0x00001b7d       0x86 ./Sources/gsc_scheduler/gsc_sch_core/gsc_sch_core_tick_isr.o
                                0x189 (size before relaxing)
 .debug_str     0x00001c03      0x14f ./Sources/gsc_scheduler/gsc_sch_core/gsc_sch_core_cfg.o
                                0x25a (size before relaxing)
 .debug_str     0x00001d52       0xac ./Sources/gsc_scheduler/gsc_sch_core/gsc_sch_core.o
                                0x2ff (size before relaxing)
 .debug_str     0x00001dfe      0x150 ./Sources/gsc_scheduler/periodic_tasks/periodic_tasks_init.o
                                0x357 (size before relaxing)
 .debug_str     0x00001f4e       0xf5 ./Sources/gsc_scheduler/periodic_tasks/periodic_tasks_exec.o
                                0x2fc (size before relaxing)
 .debug_str     0x00002043      0x321 ./Sources/mcl/interrupts.o
                                0x5d5 (size before relaxing)
 .debug_str     0x00002364       0xc5 ./Sources/mcl/CrystalClock.o
                                0x1f2 (size before relaxing)
 .debug_str     0x00002429       0x50 ./Sources/mcl/ARM_SysTick.o
                                0x14f (size before relaxing)
 .debug_str     0x00002479       0x45 ./Sources/main.o
                                0x23f (size before relaxing)
 .debug_str     0x000024be       0x5a C:/Freescale/CW MCU v10.6.4/MCU/ARM_GCC_Support/ewl/lib/armv6-m\libc.a(exit.o)
                                0x157 (size before relaxing)
 .debug_str     0x00002518       0x23 C:/Freescale/CW MCU v10.6.4/MCU/ARM_GCC_Support/ewl/lib/armv6-m\libc.a(memset.o)
                                0x140 (size before relaxing)
 .debug_str     0x0000253b       0x2d C:/Freescale/CW MCU v10.6.4/MCU/ARM_GCC_Support/ewl/lib/armv6-m\libc.a(__filll_mem.o)
                                0x152 (size before relaxing)
 .debug_str     0x00002568       0x1c C:/Freescale/CW MCU v10.6.4/MCU/ARM_GCC_Support/ewl/lib/armv6-m\libc.a(memcpy.o)
                                0x138 (size before relaxing)
 .debug_str     0x00002584      0x23c C:/Freescale/CW MCU v10.6.4/MCU/ARM_GCC_Support/ewl/lib/armv6-m\libc.a(printformat_.o)
                                0x3b3 (size before relaxing)
 .debug_str     0x000027c0      0x184 C:/Freescale/CW MCU v10.6.4/MCU/ARM_GCC_Support/ewl/lib/armv6-m\libc.a(scanformat_.o)
                                0x3f9 (size before relaxing)
 .debug_str     0x00002944       0x9d C:/Freescale/CW MCU v10.6.4/MCU/ARM_GCC_Support/ewl/lib/armv6-m\libc.a(ctype_aeabi.o)
                                0x1bc (size before relaxing)
 .debug_str     0x000029e1       0x61 C:/Freescale/CW MCU v10.6.4/MCU/ARM_GCC_Support/ewl/lib/armv6-m\libc.a(__strtoul.o)
                                0x1fb (size before relaxing)
 .debug_str     0x00002a42       0x1c C:/Freescale/CW MCU v10.6.4/MCU/ARM_GCC_Support/ewl/lib/armv6-m\libc.a(strchr.o)
                                0x137 (size before relaxing)
 .debug_str     0x00002a5e       0x1c C:/Freescale/CW MCU v10.6.4/MCU/ARM_GCC_Support/ewl/lib/armv6-m\libc.a(strlen.o)
                                0x140 (size before relaxing)
 .debug_str     0x00002a7a       0x1c C:/Freescale/CW MCU v10.6.4/MCU/ARM_GCC_Support/ewl/lib/armv6-m\libc.a(memchr.o)
                                0x148 (size before relaxing)
 .debug_str     0x00002a96      0x126 C:/Freescale/CW MCU v10.6.4/MCU/ARM_GCC_Support/ewl/lib/armv6-m\librt.a(gcc_ctor_dtor.o)
                                0x181 (size before relaxing)
 .debug_str     0x00002bbc       0xf8 C:/Freescale/CW MCU v10.6.4/MCU/ARM_GCC_Support/ewl/lib/armv6-m\librt.a(__arm_eabi_init.o)
                                0x1b5 (size before relaxing)
 .debug_str     0x00002cb4       0x9c C:/Freescale/CW MCU v10.6.4/MCU/ARM_GCC_Support/ewl/lib/armv6-m\librt.a(ROMCopy.o)
                                0x13c (size before relaxing)

.comment        0x00000000       0x79
 .comment       0x00000000       0x79 ./Project_Settings/Startup_Code/kinetis_sysinit.o
                                 0x7a (size before relaxing)
 .comment       0x00000000       0x7a ./Project_Settings/Startup_Code/__arm_start.o
 .comment       0x00000000       0x7a ./Project_Settings/Startup_Code/__arm_end.o
 .comment       0x00000000       0x7a ./Sources/app/app_slave_actions.o
 .comment       0x00000000       0x7a ./Sources/app/app_commander.o
 .comment       0x00000000       0x7a ./Sources/app/UART_hal.o
 .comment       0x00000000       0x7a ./Sources/app/RGB_LEDs.o
 .comment       0x00000000       0x7a ./Sources/app/LIN_slave_network.o
 .comment       0x00000000       0x7a ./Sources/app/LIN_slave_il.o
 .comment       0x00000000       0x7a ./Sources/app/LIN_slave_hal.o
 .comment       0x00000000       0x7a ./Sources/app/LIN_slave_core.o
 .comment       0x00000000       0x7a ./Sources/app/LIN_mstr_sched.o
 .comment       0x00000000       0x7a ./Sources/app/LIN_mstr_network.o
 .comment       0x00000000       0x7a ./Sources/app/LIN_mstr_il.o
 .comment       0x00000000       0x7a ./Sources/app/LIN_mstr_hal.o
 .comment       0x00000000       0x7a ./Sources/app/LIN_mstr_core.o
 .comment       0x00000000       0x7a ./Sources/app/LIN_common.o
 .comment       0x00000000       0x7a ./Sources/gsc_scheduler/gsc_sch_core/gsc_sch_core_tick_isr.o
 .comment       0x00000000       0x7a ./Sources/gsc_scheduler/gsc_sch_core/gsc_sch_core_cfg.o
 .comment       0x00000000       0x7a ./Sources/gsc_scheduler/gsc_sch_core/gsc_sch_core.o
 .comment       0x00000000       0x7a ./Sources/gsc_scheduler/periodic_tasks/periodic_tasks_init.o
 .comment       0x00000000       0x7a ./Sources/gsc_scheduler/periodic_tasks/periodic_tasks_exec.o
 .comment       0x00000000       0x7a ./Sources/mcl/interrupts.o
 .comment       0x00000000       0x7a ./Sources/mcl/CrystalClock.o
 .comment       0x00000000       0x7a ./Sources/mcl/ARM_SysTick.o
 .comment       0x00000000       0x7a ./Sources/main.o
 .comment       0x00000000       0x7a C:/Freescale/CW MCU v10.6.4/MCU/ARM_GCC_Support/ewl/lib/armv6-m\libc.a(exit.o)
 .comment       0x00000000       0x7a C:/Freescale/CW MCU v10.6.4/MCU/ARM_GCC_Support/ewl/lib/armv6-m\libc.a(memset.o)
 .comment       0x00000000       0x7a C:/Freescale/CW MCU v10.6.4/MCU/ARM_GCC_Support/ewl/lib/armv6-m\libc.a(__filll_mem.o)
 .comment       0x00000000       0x7a C:/Freescale/CW MCU v10.6.4/MCU/ARM_GCC_Support/ewl/lib/armv6-m\libc.a(memcpy.o)
 .comment       0x00000000       0x7a C:/Freescale/CW MCU v10.6.4/MCU/ARM_GCC_Support/ewl/lib/armv6-m\libc.a(printformat_.o)
 .comment       0x00000000       0x7a C:/Freescale/CW MCU v10.6.4/MCU/ARM_GCC_Support/ewl/lib/armv6-m\libc.a(scanformat_.o)
 .comment       0x00000000       0x7a C:/Freescale/CW MCU v10.6.4/MCU/ARM_GCC_Support/ewl/lib/armv6-m\libc.a(ctype_aeabi.o)
 .comment       0x00000000       0x7a C:/Freescale/CW MCU v10.6.4/MCU/ARM_GCC_Support/ewl/lib/armv6-m\libc.a(__strtoul.o)
 .comment       0x00000000       0x7a C:/Freescale/CW MCU v10.6.4/MCU/ARM_GCC_Support/ewl/lib/armv6-m\libc.a(strchr.o)
 .comment       0x00000000       0x7a C:/Freescale/CW MCU v10.6.4/MCU/ARM_GCC_Support/ewl/lib/armv6-m\libc.a(strlen.o)
 .comment       0x00000000       0x7a C:/Freescale/CW MCU v10.6.4/MCU/ARM_GCC_Support/ewl/lib/armv6-m\libc.a(memchr.o)
 .comment       0x00000000       0x7a C:/Freescale/CW MCU v10.6.4/MCU/ARM_GCC_Support/ewl/lib/armv6-m\librt.a(gcc_ctor_dtor.o)
 .comment       0x00000000       0x7a C:/Freescale/CW MCU v10.6.4/MCU/ARM_GCC_Support/ewl/lib/armv6-m\librt.a(__arm_eabi_init.o)
 .comment       0x00000000       0x7a C:/Freescale/CW MCU v10.6.4/MCU/ARM_GCC_Support/ewl/lib/armv6-m\librt.a(ROMCopy.o)

.debug_frame    0x00000000     0x12a0
 .debug_frame   0x00000000       0x30 ./Project_Settings/Startup_Code/kinetis_sysinit.o
 .debug_frame   0x00000030       0x30 ./Project_Settings/Startup_Code/__arm_start.o
 .debug_frame   0x00000060       0x28 ./Project_Settings/Startup_Code/__arm_end.o
 .debug_frame   0x00000088       0x5c ./Sources/app/app_slave_actions.o
 .debug_frame   0x000000e4       0x88 ./Sources/app/app_commander.o
 .debug_frame   0x0000016c      0x16c ./Sources/app/UART_hal.o
 .debug_frame   0x000002d8       0xdc ./Sources/app/RGB_LEDs.o
 .debug_frame   0x000003b4       0x50 ./Sources/app/LIN_slave_network.o
 .debug_frame   0x00000404       0x90 ./Sources/app/LIN_slave_il.o
 .debug_frame   0x00000494       0xd8 ./Sources/app/LIN_slave_hal.o
 .debug_frame   0x0000056c       0x50 ./Sources/app/LIN_slave_core.o
 .debug_frame   0x000005bc       0x7c ./Sources/app/LIN_mstr_sched.o
 .debug_frame   0x00000638       0x58 ./Sources/app/LIN_mstr_network.o
 .debug_frame   0x00000690      0x110 ./Sources/app/LIN_mstr_il.o
 .debug_frame   0x000007a0       0xc0 ./Sources/app/LIN_mstr_hal.o
 .debug_frame   0x00000860       0x54 ./Sources/app/LIN_mstr_core.o
 .debug_frame   0x000008b4       0x48 ./Sources/app/LIN_common.o
 .debug_frame   0x000008fc       0x20 ./Sources/gsc_scheduler/gsc_sch_core/gsc_sch_core_tick_isr.o
 .debug_frame   0x0000091c       0x48 ./Sources/gsc_scheduler/gsc_sch_core/gsc_sch_core.o
 .debug_frame   0x00000964       0xc0 ./Sources/gsc_scheduler/periodic_tasks/periodic_tasks_init.o
 .debug_frame   0x00000a24       0xa8 ./Sources/gsc_scheduler/periodic_tasks/periodic_tasks_exec.o
 .debug_frame   0x00000acc      0x254 ./Sources/mcl/interrupts.o
 .debug_frame   0x00000d20       0x50 ./Sources/mcl/CrystalClock.o
 .debug_frame   0x00000d70       0x20 ./Sources/mcl/ARM_SysTick.o
 .debug_frame   0x00000d90       0x50 ./Sources/main.o
 .debug_frame   0x00000de0       0x2c C:/Freescale/CW MCU v10.6.4/MCU/ARM_GCC_Support/ewl/lib/armv6-m\libc.a(exit.o)
 .debug_frame   0x00000e0c       0x28 C:/Freescale/CW MCU v10.6.4/MCU/ARM_GCC_Support/ewl/lib/armv6-m\libc.a(memset.o)
 .debug_frame   0x00000e34       0x2c C:/Freescale/CW MCU v10.6.4/MCU/ARM_GCC_Support/ewl/lib/armv6-m\libc.a(__filll_mem.o)
 .debug_frame   0x00000e60       0x28 C:/Freescale/CW MCU v10.6.4/MCU/ARM_GCC_Support/ewl/lib/armv6-m\libc.a(memcpy.o)
 .debug_frame   0x00000e88       0x54 C:/Freescale/CW MCU v10.6.4/MCU/ARM_GCC_Support/ewl/lib/armv6-m\libc.a(printformat_.o)
 .debug_frame   0x00000edc       0x34 C:/Freescale/CW MCU v10.6.4/MCU/ARM_GCC_Support/ewl/lib/armv6-m\libc.a(scanformat_.o)
 .debug_frame   0x00000f10      0x158 C:/Freescale/CW MCU v10.6.4/MCU/ARM_GCC_Support/ewl/lib/armv6-m\libc.a(ctype_aeabi.o)
 .debug_frame   0x00001068       0x30 C:/Freescale/CW MCU v10.6.4/MCU/ARM_GCC_Support/ewl/lib/armv6-m\libc.a(__strtoul.o)
 .debug_frame   0x00001098       0x28 C:/Freescale/CW MCU v10.6.4/MCU/ARM_GCC_Support/ewl/lib/armv6-m\libc.a(strchr.o)
 .debug_frame   0x000010c0       0x28 C:/Freescale/CW MCU v10.6.4/MCU/ARM_GCC_Support/ewl/lib/armv6-m\libc.a(strlen.o)
 .debug_frame   0x000010e8       0x28 C:/Freescale/CW MCU v10.6.4/MCU/ARM_GCC_Support/ewl/lib/armv6-m\libc.a(memchr.o)
 .debug_frame   0x00001110       0x20 c:/freescale/cw mcu v10.6.4/cross_tools/arm-none-eabi-gcc-4_7_3/bin/../lib/gcc/arm-none-eabi/4.7.3/armv6-m\libgcc.a(_udivsi3.o)
 .debug_frame   0x00001130       0x20 c:/freescale/cw mcu v10.6.4/cross_tools/arm-none-eabi-gcc-4_7_3/bin/../lib/gcc/arm-none-eabi/4.7.3/armv6-m\libgcc.a(_divsi3.o)
 .debug_frame   0x00001150       0x40 C:/Freescale/CW MCU v10.6.4/MCU/ARM_GCC_Support/ewl/lib/armv6-m\librt.a(gcc_ctor_dtor.o)
 .debug_frame   0x00001190       0xbc C:/Freescale/CW MCU v10.6.4/MCU/ARM_GCC_Support/ewl/lib/armv6-m\librt.a(__arm_eabi_init.o)
 .debug_frame   0x0000124c       0x54 C:/Freescale/CW MCU v10.6.4/MCU/ARM_GCC_Support/ewl/lib/armv6-m\librt.a(ROMCopy.o)

.debug_loc      0x00000000     0x388f
 .debug_loc     0x00000000       0x20 ./Project_Settings/Startup_Code/__arm_end.o
 .debug_loc     0x00000020       0xd3 ./Sources/app/app_slave_actions.o
 .debug_loc     0x000000f3      0x1a2 ./Sources/app/app_commander.o
 .debug_loc     0x00000295      0x4d5 ./Sources/app/UART_hal.o
 .debug_loc     0x0000076a       0xb7 ./Sources/app/RGB_LEDs.o
 .debug_loc     0x00000821       0x97 ./Sources/app/LIN_slave_network.o
 .debug_loc     0x000008b8       0xf3 ./Sources/app/LIN_slave_hal.o
 .debug_loc     0x000009ab       0x5e ./Sources/app/LIN_slave_core.o
 .debug_loc     0x00000a09       0x60 ./Sources/app/LIN_mstr_sched.o
 .debug_loc     0x00000a69       0xb7 ./Sources/app/LIN_mstr_network.o
 .debug_loc     0x00000b20       0xd3 ./Sources/app/LIN_mstr_hal.o
 .debug_loc     0x00000bf3       0x5e ./Sources/app/LIN_mstr_core.o
 .debug_loc     0x00000c51      0x102 ./Sources/app/LIN_common.o
 .debug_loc     0x00000d53       0x4c ./Sources/gsc_scheduler/gsc_sch_core/gsc_sch_core.o
 .debug_loc     0x00000d9f       0x80 ./Sources/gsc_scheduler/periodic_tasks/periodic_tasks_init.o
 .debug_loc     0x00000e1f       0xa0 ./Sources/gsc_scheduler/periodic_tasks/periodic_tasks_exec.o
 .debug_loc     0x00000ebf      0x134 ./Sources/mcl/interrupts.o
 .debug_loc     0x00000ff3      0x171 ./Sources/mcl/CrystalClock.o
 .debug_loc     0x00001164       0x40 ./Sources/main.o
 .debug_loc     0x000011a4       0x3e C:/Freescale/CW MCU v10.6.4/MCU/ARM_GCC_Support/ewl/lib/armv6-m\libc.a(exit.o)
 .debug_loc     0x000011e2       0x6f C:/Freescale/CW MCU v10.6.4/MCU/ARM_GCC_Support/ewl/lib/armv6-m\libc.a(memset.o)
 .debug_loc     0x00001251      0x14a C:/Freescale/CW MCU v10.6.4/MCU/ARM_GCC_Support/ewl/lib/armv6-m\libc.a(__filll_mem.o)
 .debug_loc     0x0000139b       0x59 C:/Freescale/CW MCU v10.6.4/MCU/ARM_GCC_Support/ewl/lib/armv6-m\libc.a(memcpy.o)
 .debug_loc     0x000013f4     0x104b C:/Freescale/CW MCU v10.6.4/MCU/ARM_GCC_Support/ewl/lib/armv6-m\libc.a(printformat_.o)
 .debug_loc     0x0000243f      0x9d8 C:/Freescale/CW MCU v10.6.4/MCU/ARM_GCC_Support/ewl/lib/armv6-m\libc.a(scanformat_.o)
 .debug_loc     0x00002e17      0x30d C:/Freescale/CW MCU v10.6.4/MCU/ARM_GCC_Support/ewl/lib/armv6-m\libc.a(ctype_aeabi.o)
 .debug_loc     0x00003124      0x305 C:/Freescale/CW MCU v10.6.4/MCU/ARM_GCC_Support/ewl/lib/armv6-m\libc.a(__strtoul.o)
 .debug_loc     0x00003429       0xaf C:/Freescale/CW MCU v10.6.4/MCU/ARM_GCC_Support/ewl/lib/armv6-m\libc.a(strchr.o)
 .debug_loc     0x000034d8       0x33 C:/Freescale/CW MCU v10.6.4/MCU/ARM_GCC_Support/ewl/lib/armv6-m\libc.a(strlen.o)
 .debug_loc     0x0000350b       0x77 C:/Freescale/CW MCU v10.6.4/MCU/ARM_GCC_Support/ewl/lib/armv6-m\libc.a(memchr.o)
 .debug_loc     0x00003582       0x9d C:/Freescale/CW MCU v10.6.4/MCU/ARM_GCC_Support/ewl/lib/armv6-m\librt.a(gcc_ctor_dtor.o)
 .debug_loc     0x0000361f      0x197 C:/Freescale/CW MCU v10.6.4/MCU/ARM_GCC_Support/ewl/lib/armv6-m\librt.a(__arm_eabi_init.o)
 .debug_loc     0x000037b6       0xd9 C:/Freescale/CW MCU v10.6.4/MCU/ARM_GCC_Support/ewl/lib/armv6-m\librt.a(ROMCopy.o)
